Archive member included to satisfy reference by file (symbol)

/usr/lib/gcc/arm-none-eabi/10.3.0/thumb/v6-m/nofp/libgcc.a(_udivsi3.o)
                              build/nanos/obj/base58.o (__aeabi_uidiv)
/usr/lib/gcc/arm-none-eabi/10.3.0/thumb/v6-m/nofp/libgcc.a(_divsi3.o)
                              build/nanos/obj/printf.o (__aeabi_idiv)
/usr/lib/gcc/arm-none-eabi/10.3.0/thumb/v6-m/nofp/libgcc.a(_dvmd_tls.o)
                              /usr/lib/gcc/arm-none-eabi/10.3.0/thumb/v6-m/nofp/libgcc.a(_udivsi3.o) (__aeabi_idiv0)
/usr/lib/gcc/arm-none-eabi/10.3.0/thumb/v6-m/nofp/libgcc.a(_arm_cmpdf2.o)
                              build/nanos/obj/printf.o (__aeabi_dcmplt)
/usr/lib/gcc/arm-none-eabi/10.3.0/thumb/v6-m/nofp/libgcc.a(_aeabi_ldivmod.o)
                              build/nanos/obj/format.o (__aeabi_ldivmod)
/usr/lib/gcc/arm-none-eabi/10.3.0/thumb/v6-m/nofp/libgcc.a(_aeabi_uldivmod.o)
                              build/nanos/obj/format.o (__aeabi_uldivmod)
/usr/lib/gcc/arm-none-eabi/10.3.0/thumb/v6-m/nofp/libgcc.a(_muldi3.o)
                              build/nanos/obj/display_utils.o (__aeabi_lmul)
/usr/lib/gcc/arm-none-eabi/10.3.0/thumb/v6-m/nofp/libgcc.a(_fixunsdfsi.o)
                              build/nanos/obj/printf.o (__aeabi_d2uiz)
/usr/lib/gcc/arm-none-eabi/10.3.0/thumb/v6-m/nofp/libgcc.a(_udivmoddi4.o)
                              /usr/lib/gcc/arm-none-eabi/10.3.0/thumb/v6-m/nofp/libgcc.a(_aeabi_uldivmod.o) (__udivmoddi4)
/usr/lib/gcc/arm-none-eabi/10.3.0/thumb/v6-m/nofp/libgcc.a(bpabi.o)
                              /usr/lib/gcc/arm-none-eabi/10.3.0/thumb/v6-m/nofp/libgcc.a(_aeabi_ldivmod.o) (__gnu_ldivmod_helper)
/usr/lib/gcc/arm-none-eabi/10.3.0/thumb/v6-m/nofp/libgcc.a(adddf3.o)
                              build/nanos/obj/printf.o (__aeabi_dadd)
/usr/lib/gcc/arm-none-eabi/10.3.0/thumb/v6-m/nofp/libgcc.a(divdf3.o)
                              build/nanos/obj/printf.o (__aeabi_ddiv)
/usr/lib/gcc/arm-none-eabi/10.3.0/thumb/v6-m/nofp/libgcc.a(eqdf2.o)
                              /usr/lib/gcc/arm-none-eabi/10.3.0/thumb/v6-m/nofp/libgcc.a(_arm_cmpdf2.o) (__eqdf2)
/usr/lib/gcc/arm-none-eabi/10.3.0/thumb/v6-m/nofp/libgcc.a(gedf2.o)
                              /usr/lib/gcc/arm-none-eabi/10.3.0/thumb/v6-m/nofp/libgcc.a(_arm_cmpdf2.o) (__gedf2)
/usr/lib/gcc/arm-none-eabi/10.3.0/thumb/v6-m/nofp/libgcc.a(ledf2.o)
                              /usr/lib/gcc/arm-none-eabi/10.3.0/thumb/v6-m/nofp/libgcc.a(_arm_cmpdf2.o) (__ledf2)
/usr/lib/gcc/arm-none-eabi/10.3.0/thumb/v6-m/nofp/libgcc.a(muldf3.o)
                              build/nanos/obj/printf.o (__aeabi_dmul)
/usr/lib/gcc/arm-none-eabi/10.3.0/thumb/v6-m/nofp/libgcc.a(subdf3.o)
                              build/nanos/obj/printf.o (__aeabi_dsub)
/usr/lib/gcc/arm-none-eabi/10.3.0/thumb/v6-m/nofp/libgcc.a(unorddf2.o)
                              build/nanos/obj/printf.o (__aeabi_dcmpun)
/usr/lib/gcc/arm-none-eabi/10.3.0/thumb/v6-m/nofp/libgcc.a(fixdfsi.o)
                              build/nanos/obj/printf.o (__aeabi_d2iz)
/usr/lib/gcc/arm-none-eabi/10.3.0/thumb/v6-m/nofp/libgcc.a(floatsidf.o)
                              build/nanos/obj/printf.o (__aeabi_i2d)
/usr/lib/gcc/arm-none-eabi/10.3.0/thumb/v6-m/nofp/libgcc.a(floatunsidf.o)
                              build/nanos/obj/printf.o (__aeabi_ui2d)
/usr/lib/gcc/arm-none-eabi/10.3.0/thumb/v6-m/nofp/libgcc.a(_thumb1_case_uhi.o)
                              /usr/lib/gcc/arm-none-eabi/10.3.0/thumb/v6-m/nofp/libgcc.a(divdf3.o) (__gnu_thumb1_case_uhi)
/usr/lib/gcc/arm-none-eabi/10.3.0/thumb/v6-m/nofp/libgcc.a(_lshrdi3.o)
                              /usr/lib/gcc/arm-none-eabi/10.3.0/thumb/v6-m/nofp/libgcc.a(_udivmoddi4.o) (__aeabi_llsr)
/usr/lib/gcc/arm-none-eabi/10.3.0/thumb/v6-m/nofp/libgcc.a(_ashldi3.o)
                              /usr/lib/gcc/arm-none-eabi/10.3.0/thumb/v6-m/nofp/libgcc.a(_udivmoddi4.o) (__aeabi_llsl)
/usr/lib/gcc/arm-none-eabi/10.3.0/thumb/v6-m/nofp/libgcc.a(_clzsi2.o)
                              /usr/lib/gcc/arm-none-eabi/10.3.0/thumb/v6-m/nofp/libgcc.a(adddf3.o) (__clzsi2)
/usr/lib/gcc/arm-none-eabi/10.3.0/thumb/v6-m/nofp/libgcc.a(_clzdi2.o)
                              /usr/lib/gcc/arm-none-eabi/10.3.0/thumb/v6-m/nofp/libgcc.a(_udivmoddi4.o) (__clzdi2)
/usr/lib/gcc/arm-none-eabi/10.3.0/thumb/v6-m/nofp/libgcc.a(_divdi3.o)
                              /usr/lib/gcc/arm-none-eabi/10.3.0/thumb/v6-m/nofp/libgcc.a(bpabi.o) (__divdi3)
/usr/lib/gcc/arm-none-eabi/10.3.0/../../../../arm-none-eabi/lib/thumb/v6-m/nofp/libc_nano.a(lib_a-aeabi_memclr.o)
                              build/nanos/obj/base58.o (__aeabi_memclr)
/usr/lib/gcc/arm-none-eabi/10.3.0/../../../../arm-none-eabi/lib/thumb/v6-m/nofp/libc_nano.a(lib_a-aeabi_memcpy.o)
                              build/nanos/obj/crypto.o (__aeabi_memcpy)
/usr/lib/gcc/arm-none-eabi/10.3.0/../../../../arm-none-eabi/lib/thumb/v6-m/nofp/libc_nano.a(lib_a-aeabi_memmove.o)
[...]
Memory Configuration

Name             Origin             Length             Attributes
DISCARD          0x00000000d0000000 0x0000000000100000 xrw
FLASH            0x00000000c0d00000 0x0000000000064000 xr
SRAM             0x0000000020000200 0x0000000000001200 xrw
CXSRAM           0x0000000020001400 0x0000000000000400 xrw
*default*        0x0000000000000000 0xffffffffffffffff

Linker script and memory map

LOAD build/nanos/obj/apdu_parser.o
LOAD build/nanos/obj/base58.o
LOAD build/nanos/obj/bip32.o
LOAD build/nanos/obj/bip32_path.o
LOAD build/nanos/obj/btchip_bcd.o
LOAD build/nanos/obj/buffer.o
LOAD build/nanos/obj/check_merkle_tree_sorted.o
LOAD build/nanos/obj/checks.o
LOAD build/nanos/obj/compare_wallet_script_at_path.o
LOAD build/nanos/obj/crypto.o
LOAD build/nanos/obj/cx_stubs.o
LOAD build/nanos/obj/cxram_stash.o
LOAD build/nanos/obj/debug.o
LOAD build/nanos/obj/dispatcher.o
LOAD build/nanos/obj/display.o
LOAD build/nanos/obj/display_utils.o
LOAD build/nanos/obj/extract_bip32_derivation.o
LOAD build/nanos/obj/format.o
LOAD build/nanos/obj/get_extended_pubkey.o
LOAD build/nanos/obj/get_master_fingerprint.o
LOAD build/nanos/obj/get_merkle_leaf_element.o
LOAD build/nanos/obj/get_merkle_leaf_hash.o
LOAD build/nanos/obj/get_merkle_leaf_index.o
LOAD build/nanos/obj/get_merkle_preimage.o
LOAD build/nanos/obj/get_merkleized_map.o
LOAD build/nanos/obj/get_merkleized_map_value.o
LOAD build/nanos/obj/get_merkleized_map_value_hash.o
LOAD build/nanos/obj/get_preimage.o
LOAD build/nanos/obj/get_wallet_address.o
LOAD build/nanos/obj/glyphs.o
LOAD build/nanos/obj/handle_check_address.o
LOAD build/nanos/obj/handle_get_printable_amount.o
LOAD build/nanos/obj/handle_swap_sign_transaction.o
LOAD build/nanos/obj/io.o
LOAD build/nanos/obj/ledger_protocol.o
LOAD build/nanos/obj/main.o
LOAD build/nanos/obj/menu.o
LOAD build/nanos/obj/merkle.o
LOAD build/nanos/obj/os.o
LOAD build/nanos/obj/os_io_seproxyhal.o
LOAD build/nanos/obj/os_io_task.o
LOAD build/nanos/obj/os_io_usb.o
LOAD build/nanos/obj/os_printf.o
LOAD build/nanos/obj/parser.o
LOAD build/nanos/obj/pic.o
LOAD build/nanos/obj/policy.o
LOAD build/nanos/obj/printf.o
LOAD build/nanos/obj/psbt_parse_rawtx.o
LOAD build/nanos/obj/read.o
LOAD build/nanos/obj/register_wallet.o
LOAD build/nanos/obj/script.o
LOAD build/nanos/obj/segwit_addr.o
LOAD build/nanos/obj/sign_message.o
LOAD build/nanos/obj/sign_psbt.o
LOAD build/nanos/obj/stream_merkle_leaf_element.o
LOAD build/nanos/obj/stream_merkleized_map_value.o
LOAD build/nanos/obj/stream_preimage.o
LOAD build/nanos/obj/svc_call.o
LOAD build/nanos/obj/svc_cx_call.o
LOAD build/nanos/obj/swap_globals.o
LOAD build/nanos/obj/syscalls.o
LOAD build/nanos/obj/u2f_impl.o
LOAD build/nanos/obj/u2f_io.o
LOAD build/nanos/obj/update_hashes_with_map_value.o
LOAD build/nanos/obj/usbd_ccid_cmd.o
LOAD build/nanos/obj/usbd_ccid_core.o
LOAD build/nanos/obj/usbd_ccid_if.o
LOAD build/nanos/obj/usbd_conf.o
LOAD build/nanos/obj/usbd_core.o
LOAD build/nanos/obj/usbd_ctlreq.o
LOAD build/nanos/obj/usbd_hid.o
LOAD build/nanos/obj/usbd_impl.o
LOAD build/nanos/obj/usbd_ioreq.o
LOAD build/nanos/obj/ux_flow_engine.o
LOAD build/nanos/obj/ux_layout_bb.o
LOAD build/nanos/obj/ux_layout_bn.o
LOAD build/nanos/obj/ux_layout_bnn.o
LOAD build/nanos/obj/ux_layout_bnnn.o
LOAD build/nanos/obj/ux_layout_nn.o
LOAD build/nanos/obj/ux_layout_nnbnn.o
LOAD build/nanos/obj/ux_layout_nnn.o
LOAD build/nanos/obj/ux_layout_nnnn.o
LOAD build/nanos/obj/ux_layout_paging.o
LOAD build/nanos/obj/ux_layout_paging_compute.o
LOAD build/nanos/obj/ux_layout_pb.o
LOAD build/nanos/obj/ux_layout_pbb.o
LOAD build/nanos/obj/ux_layout_pbn.o
LOAD build/nanos/obj/ux_layout_pn.o
LOAD build/nanos/obj/ux_layout_pnn.o
LOAD build/nanos/obj/ux_layout_utils.o
LOAD build/nanos/obj/ux_legacy.o
LOAD build/nanos/obj/ux_menulist.o
LOAD build/nanos/obj/ux_stack.o
LOAD build/nanos/obj/varint.o
LOAD build/nanos/obj/wallet.o
LOAD build/nanos/obj/write.o
LOAD /usr/lib/gcc/arm-none-eabi/10.3.0/../../../../arm-none-eabi/lib/thumb/v6-m/nofp/libm.a
LOAD /usr/lib/gcc/arm-none-eabi/10.3.0/thumb/v6-m/nofp/libgcc.a
LOAD /usr/lib/gcc/arm-none-eabi/10.3.0/../../../../arm-none-eabi/lib/thumb/v6-m/nofp/libc_nano.a
                0x0000000000000c00                stack_size = 0xc00
START GROUP
LOAD /usr/lib/gcc/arm-none-eabi/10.3.0/thumb/v6-m/nofp/libgcc.a
LOAD /usr/lib/gcc/arm-none-eabi/10.3.0/../../../../arm-none-eabi/lib/thumb/v6-m/nofp/libg_nano.a
LOAD /usr/lib/gcc/arm-none-eabi/10.3.0/../../../../arm-none-eabi/lib/thumb/v6-m/nofp/libc_nano.a
END GROUP
START GROUP
LOAD /usr/lib/gcc/arm-none-eabi/10.3.0/thumb/v6-m/nofp/libgcc.a
LOAD /usr/lib/gcc/arm-none-eabi/10.3.0/../../../../arm-none-eabi/lib/thumb/v6-m/nofp/libc_nano.a
END GROUP
                0x0000000000000040                PAGE_SIZE = 0x40
                0x0000000000000c00                STACK_SIZE = DEFINED (stack_size)?stack_size:0x400
                0x0000000020001400                END_STACK = (ORIGIN (SRAM) + LENGTH (SRAM))

.text           0x00000000c0d00000     0xe640
                0x00000000c0d00000                _text = .
                0x00000000c0d00000                _nvram_start = .
 *(.boot*)
 .boot          0x00000000c0d00000       0x2c build/nanos/obj/main.o
                0x00000000c0d00000                main
 *(.text*)
 .text.apdu_parser
                0x00000000c0d0002c       0x34 build/nanos/obj/apdu_parser.o
                0x00000000c0d0002c                apdu_parser
 .text.base58_decode
                0x00000000c0d00060       0xfc build/nanos/obj/base58.o
                0x00000000c0d00060                base58_decode
 .text.base58_encode
                0x00000000c0d0015c       0xf0 build/nanos/obj/base58.o
                0x00000000c0d0015c                base58_encode
 .text.bip32_path_read
                0x00000000c0d0024c       0x3a build/nanos/obj/bip32.o
                0x00000000c0d0024c                bip32_path_read
 *fill*         0x00000000c0d00286        0x2 00
 .text.bip32_path_format
                0x00000000c0d00288       0xfc build/nanos/obj/bip32.o
                0x00000000c0d00288                bip32_path_format
 .text.is_pubkey_path_standard
                0x00000000c0d00384       0x5a build/nanos/obj/bip32.o
                0x00000000c0d00384                is_pubkey_path_standard
 *fill*         0x00000000c0d003de        0x2 00
 .text.is_address_path_standard
                0x00000000c0d003e0       0x48 build/nanos/obj/bip32.o
                0x00000000c0d003e0                is_address_path_standard
 .text.get_bip44_purpose
                0x00000000c0d00428       0x26 build/nanos/obj/bip32.o
                0x00000000c0d00428                get_bip44_purpose
 .text.parse_serialized_path
                0x00000000c0d0044e       0x3a build/nanos/obj/bip32_path.o
                0x00000000c0d0044e                parse_serialized_path
 .text.btchip_convert_hex_amount_to_displayable_no_globals
                0x00000000c0d00488      0x126 build/nanos/obj/btchip_bcd.o
                0x00000000c0d00488                btchip_convert_hex_amount_to_displayable_no_globals
 .text.buffer_can_read
                0x00000000c0d005ae       0x12 build/nanos/obj/buffer.o
                0x00000000c0d005ae                buffer_can_read
 .text.buffer_seek_set
                0x00000000c0d005c0       0x14 build/nanos/obj/buffer.o
                0x00000000c0d005c0                buffer_seek_set
 .text.buffer_seek_cur
                0x00000000c0d005d4       0x18 build/nanos/obj/buffer.o
                0x00000000c0d005d4                buffer_seek_cur
 .text.buffer_seek_end
                0x00000000c0d005ec       0x16 build/nanos/obj/buffer.o
                0x00000000c0d005ec                buffer_seek_end
 .text.buffer_read_u8
                0x00000000c0d00602       0x2c build/nanos/obj/buffer.o
                0x00000000c0d00602                buffer_read_u8
 .text.buffer_peek
                0x00000000c0d0062e       0x16 build/nanos/obj/buffer.o
                0x00000000c0d0062e                buffer_peek
 .text.buffer_peek_n
                0x00000000c0d00644       0x22 build/nanos/obj/buffer.o
                0x00000000c0d00644                buffer_peek_n
 .text.buffer_read_u32
                0x00000000c0d00666       0x48 build/nanos/obj/buffer.o
                0x00000000c0d00666                buffer_read_u32
 .text.buffer_read_varint
                0x00000000c0d006ae       0x36 build/nanos/obj/buffer.o
                0x00000000c0d006ae                buffer_read_varint
 .text.buffer_read_bip32_path
                0x00000000c0d006e4       0x2e build/nanos/obj/buffer.o
                0x00000000c0d006e4                buffer_read_bip32_path
 .text.buffer_read_bytes
                0x00000000c0d00712       0x38 build/nanos/obj/buffer.o
                0x00000000c0d00712                buffer_read_bytes
 .text.buffer_write_bytes
                0x00000000c0d0074a       0x34 build/nanos/obj/buffer.o
                0x00000000c0d0074a                buffer_write_bytes
 .text.buffer_alloc
                0x00000000c0d0077e       0x40 build/nanos/obj/buffer.o
                0x00000000c0d0077e                buffer_alloc
 .text.call_check_merkle_tree_sorted_with_callback
                0x00000000c0d007be       0x9a build/nanos/obj/check_merkle_tree_sorted.o
                0x00000000c0d007be                call_check_merkle_tree_sorted_with_callback
 .text.compare_wallet_script_at_path
                0x00000000c0d00858       0x4a build/nanos/obj/compare_wallet_script_at_path.o
                0x00000000c0d00858                compare_wallet_script_at_path
 .text.crypto_derive_private_key
                0x00000000c0d008a2       0x88 build/nanos/obj/crypto.o
                0x00000000c0d008a2                crypto_derive_private_key
 *fill*         0x00000000c0d0092a        0x2 00
 .text.bip32_CKDpub
                0x00000000c0d0092c      0x104 build/nanos/obj/crypto.o
                0x00000000c0d0092c                bip32_CKDpub
 .text.cx_math_cmp
                0x00000000c0d00a30       0x16 build/nanos/obj/crypto.o
 *fill*         0x00000000c0d00a46        0x2 00
 .text.secp256k1_point
                0x00000000c0d00a48       0x40 build/nanos/obj/crypto.o
 .text.crypto_get_uncompressed_pubkey
                0x00000000c0d00a88       0x94 build/nanos/obj/crypto.o
                0x00000000c0d00a88                crypto_get_uncompressed_pubkey
 .text.cx_ecfp_add_point
                0x00000000c0d00b1c       0x2a build/nanos/obj/crypto.o
 .text.crypto_get_key_fingerprint
                0x00000000c0d00b46       0x1a build/nanos/obj/crypto.o
                0x00000000c0d00b46                crypto_get_key_fingerprint
 .text.crypto_ripemd160
                0x00000000c0d00b60       0x30 build/nanos/obj/crypto.o
                0x00000000c0d00b60                crypto_ripemd160
 .text.crypto_hash160
                0x00000000c0d00b90       0x20 build/nanos/obj/crypto.o
                0x00000000c0d00b90                crypto_hash160
 .text.cx_math_powm
                0x00000000c0d00bb0       0x20 build/nanos/obj/crypto.o
 .text.cx_math_addm
                0x00000000c0d00bd0       0x14 build/nanos/obj/crypto.o
 .text.cx_math_sub
                0x00000000c0d00be4       0x18 build/nanos/obj/crypto.o
 .text.crypto_get_checksum
                0x00000000c0d00bfc       0x32 build/nanos/obj/crypto.o
                0x00000000c0d00bfc                crypto_get_checksum
 .text.crypto_get_compressed_pubkey_at_path
                0x00000000c0d00c2e       0xcc build/nanos/obj/crypto.o
                0x00000000c0d00c2e                crypto_get_compressed_pubkey_at_path
 .text.cx_ecfp_generate_pair
                0x00000000c0d00cfa       0x18 build/nanos/obj/crypto.o
 .text.crypto_get_master_key_fingerprint
                0x00000000c0d00d12       0x1c build/nanos/obj/crypto.o
                0x00000000c0d00d12                crypto_get_master_key_fingerprint
 .text.crypto_derive_symmetric_key
                0x00000000c0d00d2e       0x2e build/nanos/obj/crypto.o
                0x00000000c0d00d2e                crypto_derive_symmetric_key
 .text.get_serialized_extended_pubkey_at_path
                0x00000000c0d00d5c       0xa8 build/nanos/obj/crypto.o
                0x00000000c0d00d5c                get_serialized_extended_pubkey_at_path
 .text.base58_encode_address
                0x00000000c0d00e04       0x62 build/nanos/obj/crypto.o
                0x00000000c0d00e04                base58_encode_address
 .text.crypto_ecdsa_sign_sha256_hash_with_key
                0x00000000c0d00e66       0xf2 build/nanos/obj/crypto.o
                0x00000000c0d00e66                crypto_ecdsa_sign_sha256_hash_with_key
 .text.crypto_tr_tagged_hash_init
                0x00000000c0d00f58       0x44 build/nanos/obj/crypto.o
                0x00000000c0d00f58                crypto_tr_tagged_hash_init
 .text.crypto_hash_update
                0x00000000c0d00f9c       0x12 build/nanos/obj/crypto.o
 .text.crypto_hash_digest
                0x00000000c0d00fae       0x14 build/nanos/obj/crypto.o
 *fill*         0x00000000c0d00fc2        0x2 00
 .text.crypto_tr_tapleaf_hash_init
                0x00000000c0d00fc4       0x14 build/nanos/obj/crypto.o
                0x00000000c0d00fc4                crypto_tr_tapleaf_hash_init
 .text.crypto_tr_combine_taptree_hashes
                0x00000000c0d00fd8       0x40 build/nanos/obj/crypto.o
                0x00000000c0d00fd8                crypto_tr_combine_taptree_hashes
 .text.crypto_tr_tagged_hash
                0x00000000c0d01018       0x44 build/nanos/obj/crypto.o
 .text.crypto_tr_tweak_pubkey
                0x00000000c0d0105c      0x124 build/nanos/obj/crypto.o
                0x00000000c0d0105c                crypto_tr_tweak_pubkey
 .text.crypto_tr_tweak_seckey
                0x00000000c0d01180       0xdc build/nanos/obj/crypto.o
                0x00000000c0d01180                crypto_tr_tweak_seckey
 .text.cx_hash  0x00000000c0d0125c       0x22 build/nanos/obj/crypto.o
 *fill*         0x00000000c0d0127e        0x2 00
 .text.cx_ecdsa_sign_no_throw
                0x00000000c0d01280        0xc build/nanos/obj/cx_stubs.o
                0x00000000c0d01280                cx_ecdsa_sign_no_throw
 .text.cx_ecfp_add_point_no_throw
                0x00000000c0d0128c        0xc build/nanos/obj/cx_stubs.o
                0x00000000c0d0128c                cx_ecfp_add_point_no_throw
 .text.cx_ecfp_generate_pair_no_throw
                0x00000000c0d01298        0xc build/nanos/obj/cx_stubs.o
                0x00000000c0d01298                cx_ecfp_generate_pair_no_throw
 .text.cx_ecfp_init_private_key_no_throw
                0x00000000c0d012a4        0xc build/nanos/obj/cx_stubs.o
                0x00000000c0d012a4                cx_ecfp_init_private_key_no_throw
 .text.cx_ecfp_scalar_mult_no_throw
                0x00000000c0d012b0        0xc build/nanos/obj/cx_stubs.o
                0x00000000c0d012b0                cx_ecfp_scalar_mult_no_throw
 .text.cx_ecschnorr_sign_no_throw
                0x00000000c0d012bc        0xc build/nanos/obj/cx_stubs.o
                0x00000000c0d012bc                cx_ecschnorr_sign_no_throw
 .text.cx_hash_get_size
                0x00000000c0d012c8        0xc build/nanos/obj/cx_stubs.o
                0x00000000c0d012c8                cx_hash_get_size
 .text.cx_hash_no_throw
                0x00000000c0d012d4        0xc build/nanos/obj/cx_stubs.o
                0x00000000c0d012d4                cx_hash_no_throw
 .text.cx_hash_sha256
                0x00000000c0d012e0        0xc build/nanos/obj/cx_stubs.o
                0x00000000c0d012e0                cx_hash_sha256
 .text.cx_hmac_sha256
                0x00000000c0d012ec        0xc build/nanos/obj/cx_stubs.o
                0x00000000c0d012ec                cx_hmac_sha256
 .text.cx_hmac_sha512
                0x00000000c0d012f8        0xc build/nanos/obj/cx_stubs.o
                0x00000000c0d012f8                cx_hmac_sha512
 .text.cx_math_addm_no_throw
                0x00000000c0d01304        0xc build/nanos/obj/cx_stubs.o
                0x00000000c0d01304                cx_math_addm_no_throw
 .text.cx_math_cmp_no_throw
                0x00000000c0d01310        0xc build/nanos/obj/cx_stubs.o
                0x00000000c0d01310                cx_math_cmp_no_throw
 .text.cx_math_powm_no_throw
                0x00000000c0d0131c        0xc build/nanos/obj/cx_stubs.o
                0x00000000c0d0131c                cx_math_powm_no_throw
 .text.cx_math_sub_no_throw
                0x00000000c0d01328        0xc build/nanos/obj/cx_stubs.o
                0x00000000c0d01328                cx_math_sub_no_throw
 .text.cx_ripemd160_final
                0x00000000c0d01334        0xc build/nanos/obj/cx_stubs.o
                0x00000000c0d01334                cx_ripemd160_final
 .text.cx_ripemd160_init_no_throw
                0x00000000c0d01340        0xc build/nanos/obj/cx_stubs.o
                0x00000000c0d01340                cx_ripemd160_init_no_throw
 .text.cx_ripemd160_update
                0x00000000c0d0134c        0xc build/nanos/obj/cx_stubs.o
                0x00000000c0d0134c                cx_ripemd160_update
 .text.cx_rng_no_throw
                0x00000000c0d01358        0xc build/nanos/obj/cx_stubs.o
                0x00000000c0d01358                cx_rng_no_throw
 .text.cx_sha256_final
                0x00000000c0d01364        0xc build/nanos/obj/cx_stubs.o
                0x00000000c0d01364                cx_sha256_final
 .text.cx_sha256_init_no_throw
                0x00000000c0d01370        0xc build/nanos/obj/cx_stubs.o
                0x00000000c0d01370                cx_sha256_init_no_throw
 .text.cx_sha256_update
                0x00000000c0d0137c        0xc build/nanos/obj/cx_stubs.o
                0x00000000c0d0137c                cx_sha256_update
 .text.cx_x448  0x00000000c0d01388       0x14 build/nanos/obj/cx_stubs.o
                0x00000000c0d01388                cx_x448
 .text.get_cxram_buffer
                0x00000000c0d0139c        0x8 build/nanos/obj/cxram_stash.o
                0x00000000c0d0139c                get_cxram_buffer
 .text.apdu_dispatcher
                0x00000000c0d013a4      0x108 build/nanos/obj/dispatcher.o
                0x00000000c0d013a4                apdu_dispatcher
 .text.add_to_response
                0x00000000c0d014ac        0x8 build/nanos/obj/dispatcher.o
 .text.finalize_response
                0x00000000c0d014b4       0x10 build/nanos/obj/dispatcher.o
 .text.process_interruption
                0x00000000c0d014c4       0x80 build/nanos/obj/dispatcher.o
 .text.send_response
                0x00000000c0d01544        0x8 build/nanos/obj/dispatcher.o
 .text.set_ui_dirty
                0x00000000c0d0154c        0xc build/nanos/obj/dispatcher.o
 .text.ux_display_reject_if_not_sure_step_validateinit
                0x00000000c0d01558       0x10 build/nanos/obj/display.o
                0x00000000c0d01558                ux_display_reject_if_not_sure_step_validateinit
 .text.ux_display_approve_step_validateinit
                0x00000000c0d01568       0x10 build/nanos/obj/display.o
                0x00000000c0d01568                ux_display_approve_step_validateinit
 .text.ux_display_continue_step_validateinit
                0x00000000c0d01578       0x10 build/nanos/obj/display.o
                0x00000000c0d01578                ux_display_continue_step_validateinit
 .text.ux_display_reject_step_validateinit
                0x00000000c0d01588       0x10 build/nanos/obj/display.o
                0x00000000c0d01588                ux_display_reject_step_validateinit
 .text.ux_accept_and_send_step_validateinit
                0x00000000c0d01598       0x10 build/nanos/obj/display.o
                0x00000000c0d01598                ux_accept_and_send_step_validateinit
 .text.ux_sign_message_accept_new_validateinit
                0x00000000c0d015a8       0x10 build/nanos/obj/display.o
                0x00000000c0d015a8                ux_sign_message_accept_new_validateinit
 .text.io_ui_process
                0x00000000c0d015b8       0x48 build/nanos/obj/display.o
                0x00000000c0d015b8                io_ui_process
 .text.ui_display_pubkey
                0x00000000c0d01600       0x44 build/nanos/obj/display.o
                0x00000000c0d01600                ui_display_pubkey
 .text.ui_display_message_hash
                0x00000000c0d01644       0x34 build/nanos/obj/display.o
                0x00000000c0d01644                ui_display_message_hash
 .text.ui_display_register_wallet
                0x00000000c0d01678       0x44 build/nanos/obj/display.o
                0x00000000c0d01678                ui_display_register_wallet
 .text.ui_display_policy_map_cosigner_pubkey
                0x00000000c0d016bc       0x4c build/nanos/obj/display.o
                0x00000000c0d016bc                ui_display_policy_map_cosigner_pubkey
 .text.ui_display_wallet_address
                0x00000000c0d01708       0x48 build/nanos/obj/display.o
                0x00000000c0d01708                ui_display_wallet_address
 .text.ui_authorize_wallet_spend
                0x00000000c0d01750       0x28 build/nanos/obj/display.o
                0x00000000c0d01750                ui_authorize_wallet_spend
 .text.ui_warn_external_inputs
                0x00000000c0d01778       0x1c build/nanos/obj/display.o
                0x00000000c0d01778                ui_warn_external_inputs
 .text.ui_warn_unverified_segwit_inputs
                0x00000000c0d01794       0x1c build/nanos/obj/display.o
                0x00000000c0d01794                ui_warn_unverified_segwit_inputs
 .text.ui_warn_nondefault_sighash
                0x00000000c0d017b0       0x1c build/nanos/obj/display.o
                0x00000000c0d017b0                ui_warn_nondefault_sighash
 .text.ui_validate_output
                0x00000000c0d017cc       0x54 build/nanos/obj/display.o
                0x00000000c0d017cc                ui_validate_output
 .text.ui_validate_transaction
                0x00000000c0d01820       0x2c build/nanos/obj/display.o
                0x00000000c0d01820                ui_validate_transaction
 .text.format_sats_amount
                0x00000000c0d0184c       0xf0 build/nanos/obj/display_utils.o
                0x00000000c0d0184c                format_sats_amount
 .text.div10    0x00000000c0d0193c       0xa4 build/nanos/obj/display_utils.o
 .text.extract_bip32_derivation
                0x00000000c0d019e0       0x88 build/nanos/obj/extract_bip32_derivation.o
                0x00000000c0d019e0                extract_bip32_derivation
 .text.fpt_der_data_len_callback
                0x00000000c0d01a68        0x4 build/nanos/obj/extract_bip32_derivation.o
 .text.fpt_der_data_callback
                0x00000000c0d01a6c       0x9a build/nanos/obj/extract_bip32_derivation.o
 *fill*         0x00000000c0d01b06        0x2 00
 .text.handler_get_extended_pubkey
                0x00000000c0d01b08      0x1b8 build/nanos/obj/get_extended_pubkey.o
                0x00000000c0d01b08                handler_get_extended_pubkey
 .text.handler_get_master_fingerprint
                0x00000000c0d01cc0       0x5c build/nanos/obj/get_master_fingerprint.o
                0x00000000c0d01cc0                handler_get_master_fingerprint
 .text.call_get_merkle_leaf_element
                0x00000000c0d01d1c       0x24 build/nanos/obj/get_merkle_leaf_element.o
                0x00000000c0d01d1c                call_get_merkle_leaf_element
 .text.call_get_merkle_leaf_hash
                0x00000000c0d01d40      0x190 build/nanos/obj/get_merkle_leaf_hash.o
                0x00000000c0d01d40                call_get_merkle_leaf_hash
 .text.call_get_merkle_leaf_index
                0x00000000c0d01ed0       0xa8 build/nanos/obj/get_merkle_leaf_index.o
                0x00000000c0d01ed0                call_get_merkle_leaf_index
 .text.call_get_merkle_preimage
                0x00000000c0d01f78      0x1ea build/nanos/obj/get_merkle_preimage.o
                0x00000000c0d01f78                call_get_merkle_preimage
 .text.crypto_hash_update
                0x00000000c0d02162       0x12 build/nanos/obj/get_merkle_preimage.o
 .text.cx_hash  0x00000000c0d02174       0x22 build/nanos/obj/get_merkle_preimage.o
 .text.call_get_merkleized_map_with_callback
                0x00000000c0d02196       0x7a build/nanos/obj/get_merkleized_map.o
                0x00000000c0d02196                call_get_merkleized_map_with_callback
 .text.call_get_merkleized_map_value
                0x00000000c0d02210       0x46 build/nanos/obj/get_merkleized_map_value.o
                0x00000000c0d02210                call_get_merkleized_map_value
 .text.call_get_merkleized_map_value_hash
                0x00000000c0d02256       0x42 build/nanos/obj/get_merkleized_map_value_hash.o
                0x00000000c0d02256                call_get_merkleized_map_value_hash
 .text.call_get_preimage
                0x00000000c0d02298      0x1a8 build/nanos/obj/get_preimage.o
                0x00000000c0d02298                call_get_preimage
 .text.crypto_hash_update
                0x00000000c0d02440       0x12 build/nanos/obj/get_preimage.o
 .text.cx_hash  0x00000000c0d02452       0x22 build/nanos/obj/get_preimage.o
 .text.handler_get_wallet_address
                0x00000000c0d02474      0x2a0 build/nanos/obj/get_wallet_address.o
                0x00000000c0d02474                handler_get_wallet_address
 .text.get_address_from_compressed_public_key
                0x00000000c0d02714       0xcc build/nanos/obj/handle_check_address.o
                0x00000000c0d02714                get_address_from_compressed_public_key
 .text.handle_check_address
                0x00000000c0d027e0       0x7c build/nanos/obj/handle_check_address.o
                0x00000000c0d027e0                handle_check_address
 .text.handle_get_printable_amount
                0x00000000c0d0285c       0x4c build/nanos/obj/handle_get_printable_amount.o
                0x00000000c0d0285c                handle_get_printable_amount
 .text.copy_transaction_parameters
                0x00000000c0d028a8       0x88 build/nanos/obj/handle_swap_sign_transaction.o
                0x00000000c0d028a8                copy_transaction_parameters
 .text.io_seproxyhal_display
                0x00000000c0d02930        0x8 build/nanos/obj/io.o
                0x00000000c0d02930                io_seproxyhal_display
 .text.io_start_interruption_timeout
                0x00000000c0d02938       0x20 build/nanos/obj/io.o
                0x00000000c0d02938                io_start_interruption_timeout
 .text.io_clear_interruption_timeout
                0x00000000c0d02958       0x10 build/nanos/obj/io.o
                0x00000000c0d02958                io_clear_interruption_timeout
 .text.io_start_processing_timeout
                0x00000000c0d02968       0x20 build/nanos/obj/io.o
                0x00000000c0d02968                io_start_processing_timeout
 .text.io_clear_processing_timeout
                0x00000000c0d02988       0x10 build/nanos/obj/io.o
                0x00000000c0d02988                io_clear_processing_timeout
 .text.io_reset_timeouts
                0x00000000c0d02998       0x1c build/nanos/obj/io.o
                0x00000000c0d02998                io_reset_timeouts
 .text.io_event
                0x00000000c0d029b4      0x52c build/nanos/obj/io.o
                0x00000000c0d029b4                io_event
 .text.io_exchange_al
                0x00000000c0d02ee0       0x44 build/nanos/obj/io.o
                0x00000000c0d02ee0                io_exchange_al
 .text.io_add_to_response
                0x00000000c0d02f24       0x58 build/nanos/obj/io.o
                0x00000000c0d02f24                io_add_to_response
 .text.io_finalize_response
                0x00000000c0d02f7c       0x3c build/nanos/obj/io.o
                0x00000000c0d02f7c                io_finalize_response
 .text.io_set_response
                0x00000000c0d02fb8       0x20 build/nanos/obj/io.o
                0x00000000c0d02fb8                io_set_response
 .text.io_confirm_response
                0x00000000c0d02fd8       0x18 build/nanos/obj/io.o
                0x00000000c0d02fd8                io_confirm_response
 .text.io_send_response
                0x00000000c0d02ff0        0xc build/nanos/obj/io.o
                0x00000000c0d02ff0                io_send_response
 .text.io_send_sw
                0x00000000c0d02ffc        0xe build/nanos/obj/io.o
                0x00000000c0d02ffc                io_send_sw
 *fill*         0x00000000c0d0300a        0x2 00
 .text.app_main
                0x00000000c0d0300c       0xa8 build/nanos/obj/main.o
                0x00000000c0d0300c                app_main
 .text.app_exit
                0x00000000c0d030b4       0x40 build/nanos/obj/main.o
                0x00000000c0d030b4                app_exit
 .text.coin_main
                0x00000000c0d030f4       0xbc build/nanos/obj/main.o
                0x00000000c0d030f4                coin_main
 .text.swap_library_main
                0x00000000c0d031b0       0xc4 build/nanos/obj/main.o
                0x00000000c0d031b0                swap_library_main
 .text.ux_menu_about_step_validateinit
                0x00000000c0d03274        0x8 build/nanos/obj/menu.o
                0x00000000c0d03274                ux_menu_about_step_validateinit
 .text.ui_menu_about
                0x00000000c0d0327c       0x14 build/nanos/obj/menu.o
                0x00000000c0d0327c                ui_menu_about
 .text.ux_menu_exit_step_validateinit
                0x00000000c0d03290        0xa build/nanos/obj/menu.o
                0x00000000c0d03290                ux_menu_exit_step_validateinit
 *fill*         0x00000000c0d0329a        0x2 00
 .text.ui_menu_main
                0x00000000c0d0329c       0x24 build/nanos/obj/menu.o
                0x00000000c0d0329c                ui_menu_main
 .text.ux_menu_back_step_validateinit
                0x00000000c0d032c0        0x8 build/nanos/obj/menu.o
                0x00000000c0d032c0                ux_menu_back_step_validateinit
 .text.merkle_compute_element_hash
                0x00000000c0d032c8       0x44 build/nanos/obj/merkle.o
                0x00000000c0d032c8                merkle_compute_element_hash
 .text.crypto_hash_update
                0x00000000c0d0330c       0x12 build/nanos/obj/merkle.o
 *fill*         0x00000000c0d0331e        0x2 00
 .text.merkle_combine_hashes
                0x00000000c0d03320       0x4c build/nanos/obj/merkle.o
                0x00000000c0d03320                merkle_combine_hashes
 .text.merkle_get_ith_direction
                0x00000000c0d0336c       0x52 build/nanos/obj/merkle.o
                0x00000000c0d0336c                merkle_get_ith_direction
 .text.cx_hash  0x00000000c0d033be       0x22 build/nanos/obj/merkle.o
 .text.os_boot  0x00000000c0d033e0        0xa build/nanos/obj/os.o
                0x00000000c0d033e0                os_boot
 .text.os_longjmp
                0x00000000c0d033ea        0xc build/nanos/obj/os.o
                0x00000000c0d033ea                os_longjmp
 .text.os_secure_memcmp
                0x00000000c0d033f6       0x2e build/nanos/obj/os.o
                0x00000000c0d033f6                os_secure_memcmp
 .text.io_seproxyhal_general_status
                0x00000000c0d03424       0x14 build/nanos/obj/os_io_seproxyhal.o
                0x00000000c0d03424                io_seproxyhal_general_status
 .text.io_seproxyhal_handle_usb_event
                0x00000000c0d03438       0x64 build/nanos/obj/os_io_seproxyhal.o
                0x00000000c0d03438                io_seproxyhal_handle_usb_event
 .text.io_seproxyhal_get_ep_rx_size
                0x00000000c0d0349c       0x18 build/nanos/obj/os_io_seproxyhal.o
                0x00000000c0d0349c                io_seproxyhal_get_ep_rx_size
 .text.io_seproxyhal_handle_usb_ep_xfer_event
                0x00000000c0d034b4       0x64 build/nanos/obj/os_io_seproxyhal.o
                0x00000000c0d034b4                io_seproxyhal_handle_usb_ep_xfer_event
 .text.io_usb_send_ep
                0x00000000c0d03518       0x4c build/nanos/obj/os_io_seproxyhal.o
                0x00000000c0d03518                io_usb_send_ep
 .text.io_usb_send_apdu_data
                0x00000000c0d03564       0x10 build/nanos/obj/os_io_seproxyhal.o
                0x00000000c0d03564                io_usb_send_apdu_data
 .text.io_usb_send_apdu_data_ep0x83
                0x00000000c0d03574       0x10 build/nanos/obj/os_io_seproxyhal.o
                0x00000000c0d03574                io_usb_send_apdu_data_ep0x83
 .text.io_seproxyhal_handle_capdu_event
                0x00000000c0d03584       0x3c build/nanos/obj/os_io_seproxyhal.o
                0x00000000c0d03584                io_seproxyhal_handle_capdu_event
 .text.io_seproxyhal_handle_event
                0x00000000c0d035c0       0x80 build/nanos/obj/os_io_seproxyhal.o
                0x00000000c0d035c0                io_seproxyhal_handle_event
 .text.io_seproxyhal_init
                0x00000000c0d03640       0x3c build/nanos/obj/os_io_seproxyhal.o
                0x00000000c0d03640                io_seproxyhal_init
 .text.io_seproxyhal_init_ux
                0x00000000c0d0367c        0x2 build/nanos/obj/os_io_seproxyhal.o
                0x00000000c0d0367c                io_seproxyhal_init_ux
 *fill*         0x00000000c0d0367e        0x2 00
 .text.io_seproxyhal_init_button
                0x00000000c0d03680       0x10 build/nanos/obj/os_io_seproxyhal.o
                0x00000000c0d03680                io_seproxyhal_init_button
 .text.io_seproxyhal_display_icon
                0x00000000c0d03690       0x9c build/nanos/obj/os_io_seproxyhal.o
                0x00000000c0d03690                io_seproxyhal_display_icon
 .text.io_seproxyhal_display_default
                0x00000000c0d0372c       0x98 build/nanos/obj/os_io_seproxyhal.o
                0x00000000c0d0372c                io_seproxyhal_display_default
 .text.io_seproxyhal_button_push
                0x00000000c0d037c4       0x60 build/nanos/obj/os_io_seproxyhal.o
                0x00000000c0d037c4                io_seproxyhal_button_push
 .text.io_seproxyhal_se_reset
                0x00000000c0d03824       0x10 build/nanos/obj/os_io_seproxyhal.o
                0x00000000c0d03824                io_seproxyhal_se_reset
 .text.os_io_seproxyhal_get_app_name_and_version
                0x00000000c0d03834       0x44 build/nanos/obj/os_io_seproxyhal.o
                0x00000000c0d03834                os_io_seproxyhal_get_app_name_and_version
 .text.io_exchange
                0x00000000c0d03878      0x234 build/nanos/obj/os_io_seproxyhal.o
                0x00000000c0d03878                io_exchange
 .text.os_io_seph_recv_and_process
                0x00000000c0d03aac       0x40 build/nanos/obj/os_io_seproxyhal.o
                0x00000000c0d03aac                os_io_seph_recv_and_process
 .text.io_usb_hid_receive
                0x00000000c0d03aec      0x148 build/nanos/obj/os_io_usb.o
                0x00000000c0d03aec                io_usb_hid_receive
 .text.io_usb_hid_init
                0x00000000c0d03c34       0x1c build/nanos/obj/os_io_usb.o
                0x00000000c0d03c34                io_usb_hid_init
 .text.io_usb_hid_sent
                0x00000000c0d03c50       0xb8 build/nanos/obj/os_io_usb.o
                0x00000000c0d03c50                io_usb_hid_sent
 .text.io_usb_hid_send
                0x00000000c0d03d08       0x34 build/nanos/obj/os_io_usb.o
                0x00000000c0d03d08                io_usb_hid_send
 .text.snprintf
                0x00000000c0d03d3c      0x394 build/nanos/obj/os_printf.o
                0x00000000c0d03d3c                snprintf
 .text.dbuffer_get_length
                0x00000000c0d040d0       0x14 build/nanos/obj/parser.o
                0x00000000c0d040d0                dbuffer_get_length
 .text.dbuffer_can_read
                0x00000000c0d040e4       0x14 build/nanos/obj/parser.o
                0x00000000c0d040e4                dbuffer_can_read
 .text.dbuffer_read_bytes
                0x00000000c0d040f8       0x50 build/nanos/obj/parser.o
                0x00000000c0d040f8                dbuffer_read_bytes
 .text.dbuffer_read_u8
                0x00000000c0d04148        0xa build/nanos/obj/parser.o
                0x00000000c0d04148                dbuffer_read_u8
 .text.dbuffer_read_varint
                0x00000000c0d04152       0x96 build/nanos/obj/parser.o
                0x00000000c0d04152                dbuffer_read_varint
 .text.parser_consolidate_buffers
                0x00000000c0d041e8       0x52 build/nanos/obj/parser.o
                0x00000000c0d041e8                parser_consolidate_buffers
 .text.parser_run
                0x00000000c0d0423a       0x3a build/nanos/obj/parser.o
                0x00000000c0d0423a                parser_run
 .text.pic_internal
                0x00000000c0d04274       0x10 build/nanos/obj/pic.o
                0x00000000c0d04274                pic_internal
 .text.pic      0x00000000c0d04284       0x1c build/nanos/obj/pic.o
                0x00000000c0d04284                pic
 .text.read_and_parse_wallet_policy
                0x00000000c0d042a0       0x58 build/nanos/obj/policy.o
                0x00000000c0d042a0                read_and_parse_wallet_policy
 .text.compute_taptree_hash
                0x00000000c0d042f8       0x1a build/nanos/obj/policy.o
                0x00000000c0d042f8                compute_taptree_hash
 .text.compute_tapleaf_hash
                0x00000000c0d04312       0x78 build/nanos/obj/policy.o
 .text.compute_and_combine_taptree_child_hashes
                0x00000000c0d0438a       0x4c build/nanos/obj/policy.o
 .text.get_wallet_script
                0x00000000c0d043d6      0x18c build/nanos/obj/policy.o
                0x00000000c0d043d6                get_wallet_script
 .text.get_derived_pubkey
                0x00000000c0d04562       0x50 build/nanos/obj/policy.o
 *fill*         0x00000000c0d045b2        0x2 00
 .text.get_wallet_internal_script_hash
                0x00000000c0d045b4      0x408 build/nanos/obj/policy.o
                0x00000000c0d045b4                get_wallet_internal_script_hash
 .text.crypto_hash_digest
                0x00000000c0d049bc       0x14 build/nanos/obj/policy.o
 .text.crypto_hash_update_u8
                0x00000000c0d049d0       0x10 build/nanos/obj/policy.o
 .text.crypto_hash_update
                0x00000000c0d049e0       0x12 build/nanos/obj/policy.o
 .text.execute_processor
                0x00000000c0d049f2       0x3a build/nanos/obj/policy.o
 .text.process_generic_node
                0x00000000c0d04a2c      0x14c build/nanos/obj/policy.o
 .text.process_pkh_wpkh_node
                0x00000000c0d04b78       0xa0 build/nanos/obj/policy.o
 .text.process_thresh_node
                0x00000000c0d04c18       0x76 build/nanos/obj/policy.o
 .text.process_multi_sortedmulti_node
                0x00000000c0d04c8e      0x104 build/nanos/obj/policy.o
 .text.process_multi_a_sortedmulti_a_node
                0x00000000c0d04d92      0x10e build/nanos/obj/policy.o
 .text.get_policy_address_type
                0x00000000c0d04ea0       0x34 build/nanos/obj/policy.o
                0x00000000c0d04ea0                get_policy_address_type
 .text.compute_wallet_hmac
                0x00000000c0d04ed4       0x70 build/nanos/obj/policy.o
                0x00000000c0d04ed4                compute_wallet_hmac
 .text.check_wallet_hmac
                0x00000000c0d04f44       0x8c build/nanos/obj/policy.o
                0x00000000c0d04f44                check_wallet_hmac
 .text.get_key_placeholder_by_index
                0x00000000c0d04fd0      0x1f6 build/nanos/obj/policy.o
                0x00000000c0d04fd0                get_key_placeholder_by_index
 .text.get_key_placeholder_by_index_in_tree
                0x00000000c0d051c6       0x78 build/nanos/obj/policy.o
 *fill*         0x00000000c0d0523e        0x2 00
 .text.is_policy_sane
                0x00000000c0d05240      0x170 build/nanos/obj/policy.o
                0x00000000c0d05240                is_policy_sane
 .text.get_xpub_from_merkle_tree
                0x00000000c0d053b0       0x4e build/nanos/obj/policy.o
 .text.get_extended_pubkey
                0x00000000c0d053fe       0x72 build/nanos/obj/policy.o
 .text.cx_hash  0x00000000c0d05470       0x22 build/nanos/obj/policy.o
 .text.update_output_u8
                0x00000000c0d05492       0x10 build/nanos/obj/policy.o
 *fill*         0x00000000c0d054a2        0x2 00
 .text.update_output_op_v
                0x00000000c0d054a4       0x40 build/nanos/obj/policy.o
 .text.update_output
                0x00000000c0d054e4       0x1a build/nanos/obj/policy.o
 .text.update_output_push_u32
                0x00000000c0d054fe       0x70 build/nanos/obj/policy.o
 .text.state_stack_push
                0x00000000c0d0556e       0x22 build/nanos/obj/policy.o
 .text.cmp_arrays
                0x00000000c0d05590       0x1e build/nanos/obj/policy.o
 *fill*         0x00000000c0d055ae        0x2 00
 .text.call_psbt_parse_rawtx
                0x00000000c0d055b0       0x94 build/nanos/obj/psbt_parse_rawtx.o
                0x00000000c0d055b0                call_psbt_parse_rawtx
 .text.cb_process_data
                0x00000000c0d05644       0x60 build/nanos/obj/psbt_parse_rawtx.o
 .text.parse_rawtx_version
                0x00000000c0d056a4       0x24 build/nanos/obj/psbt_parse_rawtx.o
 .text.parse_rawtx_check_segwit
                0x00000000c0d056c8       0x72 build/nanos/obj/psbt_parse_rawtx.o
 .text.parse_rawtx_input_count
                0x00000000c0d0573a       0x24 build/nanos/obj/psbt_parse_rawtx.o
 .text.parse_rawtx_inputs_init
                0x00000000c0d0575e       0x12 build/nanos/obj/psbt_parse_rawtx.o
 .text.parse_rawtx_inputs
                0x00000000c0d05770       0x54 build/nanos/obj/psbt_parse_rawtx.o
 .text.parse_rawtx_output_count
                0x00000000c0d057c4       0x24 build/nanos/obj/psbt_parse_rawtx.o
 .text.parse_rawtx_outputs_init
                0x00000000c0d057e8       0x12 build/nanos/obj/psbt_parse_rawtx.o
 *fill*         0x00000000c0d057fa        0x2 00
 .text.parse_rawtx_outputs
                0x00000000c0d057fc       0x54 build/nanos/obj/psbt_parse_rawtx.o
 .text.parse_rawtx_witnesses_init
                0x00000000c0d05850        0xc build/nanos/obj/psbt_parse_rawtx.o
 .text.parse_rawtx_witnesses
                0x00000000c0d0585c       0xba build/nanos/obj/psbt_parse_rawtx.o
 .text.parse_rawtx_locktime
                0x00000000c0d05916       0x24 build/nanos/obj/psbt_parse_rawtx.o
 .text.crypto_hash_update
                0x00000000c0d0593a       0x12 build/nanos/obj/psbt_parse_rawtx.o
 .text.cx_hash  0x00000000c0d0594c       0x22 build/nanos/obj/psbt_parse_rawtx.o
 .text.crypto_hash_update_varint
                0x00000000c0d0596e       0x1a build/nanos/obj/psbt_parse_rawtx.o
 .text.parse_rawtxinput_txid
                0x00000000c0d05988       0x2a build/nanos/obj/psbt_parse_rawtx.o
 .text.parse_rawtxinput_vout
                0x00000000c0d059b2       0x26 build/nanos/obj/psbt_parse_rawtx.o
 .text.parse_rawtxinput_scriptsig_size
                0x00000000c0d059d8       0x26 build/nanos/obj/psbt_parse_rawtx.o
 .text.parse_rawtxinput_scriptsig_init
                0x00000000c0d059fe        0x8 build/nanos/obj/psbt_parse_rawtx.o
 .text.parse_rawtxinput_scriptsig
                0x00000000c0d05a06       0x44 build/nanos/obj/psbt_parse_rawtx.o
 .text.parse_rawtxinput_sequence
                0x00000000c0d05a4a       0x26 build/nanos/obj/psbt_parse_rawtx.o
 .text.parse_rawtxoutput_value
                0x00000000c0d05a70       0x48 build/nanos/obj/psbt_parse_rawtx.o
 .text.parse_rawtxoutput_scriptpubkey_size
                0x00000000c0d05ab8       0x3a build/nanos/obj/psbt_parse_rawtx.o
 .text.parse_rawtxoutput_scriptpubkey_init
                0x00000000c0d05af2        0x8 build/nanos/obj/psbt_parse_rawtx.o
 .text.parse_rawtxoutput_scriptpubkey
                0x00000000c0d05afa       0x6e build/nanos/obj/psbt_parse_rawtx.o
 .text.read_u32_be
                0x00000000c0d05b68       0x18 build/nanos/obj/read.o
                0x00000000c0d05b68                read_u32_be
 .text.read_u64_be
                0x00000000c0d05b80       0x30 build/nanos/obj/read.o
                0x00000000c0d05b80                read_u64_be
 .text.read_u16_le
                0x00000000c0d05bb0        0xe build/nanos/obj/read.o
                0x00000000c0d05bb0                read_u16_le
 .text.read_u32_le
                0x00000000c0d05bbe       0x18 build/nanos/obj/read.o
                0x00000000c0d05bbe                read_u32_le
 .text.read_u64_le
                0x00000000c0d05bd6       0x2c build/nanos/obj/read.o
                0x00000000c0d05bd6                read_u64_le
 *fill*         0x00000000c0d05c02        0x2 00
 .text.handler_register_wallet
                0x00000000c0d05c04      0x214 build/nanos/obj/register_wallet.o
                0x00000000c0d05c04                handler_register_wallet
 .text.get_push_script_size
                0x00000000c0d05e18       0x2c build/nanos/obj/script.o
                0x00000000c0d05e18                get_push_script_size
 .text.get_script_type
                0x00000000c0d05e44       0x9a build/nanos/obj/script.o
                0x00000000c0d05e44                get_script_type
 *fill*         0x00000000c0d05ede        0x2 00
 .text.get_script_address
                0x00000000c0d05ee0       0x80 build/nanos/obj/script.o
                0x00000000c0d05ee0                get_script_address
 .text.format_opscript_script
                0x00000000c0d05f60       0xf8 build/nanos/obj/script.o
                0x00000000c0d05f60                format_opscript_script
 .text.bech32_encode
                0x00000000c0d06058       0xec build/nanos/obj/segwit_addr.o
                0x00000000c0d06058                bech32_encode
 .text.bech32_polymod_step
                0x00000000c0d06144       0x4c build/nanos/obj/segwit_addr.o
 .text.segwit_addr_encode
                0x00000000c0d06190       0x62 build/nanos/obj/segwit_addr.o
                0x00000000c0d06190                segwit_addr_encode
 .text.convert_bits
                0x00000000c0d061f2       0x94 build/nanos/obj/segwit_addr.o
 *fill*         0x00000000c0d06286        0x2 00
 .text.handler_sign_message
                0x00000000c0d06288      0x214 build/nanos/obj/sign_message.o
                0x00000000c0d06288                handler_sign_message
 .text.crypto_hash_update
                0x00000000c0d0649c       0x12 build/nanos/obj/sign_message.o
 .text.crypto_hash_digest
                0x00000000c0d064ae       0x14 build/nanos/obj/sign_message.o
 .text.cx_hash  0x00000000c0d064c2       0x22 build/nanos/obj/sign_message.o
 .text.handler_sign_psbt
                0x00000000c0d064e4       0xa4 build/nanos/obj/sign_psbt.o
                0x00000000c0d064e4                handler_sign_psbt
 .text.init_global_state
                0x00000000c0d06588      0x2d0 build/nanos/obj/sign_psbt.o
 .text.preprocess_inputs
                0x00000000c0d06858      0x26c build/nanos/obj/sign_psbt.o
 .text.show_alerts
                0x00000000c0d06ac4       0x88 build/nanos/obj/sign_psbt.o
 .text.process_outputs
                0x00000000c0d06b4c      0x160 build/nanos/obj/sign_psbt.o
 .text.confirm_transaction
                0x00000000c0d06cac       0x9c build/nanos/obj/sign_psbt.o
 .text.sign_transaction
                0x00000000c0d06d48      0x118 build/nanos/obj/sign_psbt.o
 .text.find_first_internal_key_placeholder
                0x00000000c0d06e60       0x5c build/nanos/obj/sign_psbt.o
 .text.input_keys_callback
                0x00000000c0d06ebc       0x7c build/nanos/obj/sign_psbt.o
 .text.get_amount_scriptpubkey_from_psbt_nonwitness
                0x00000000c0d06f38       0x72 build/nanos/obj/sign_psbt.o
 .text.get_amount_scriptpubkey_from_psbt_witness
                0x00000000c0d06faa       0x58 build/nanos/obj/sign_psbt.o
 .text.is_in_out_internal
                0x00000000c0d07002       0x58 build/nanos/obj/sign_psbt.o
 .text.get_segwit_version
                0x00000000c0d0705a       0x26 build/nanos/obj/sign_psbt.o
 .text.call_get_merkleized_map_value_u32_le
                0x00000000c0d07080       0x2c build/nanos/obj/sign_psbt.o
 .text.fill_placeholder_info_if_internal
                0x00000000c0d070ac       0xd8 build/nanos/obj/sign_psbt.o
 .text.read_change_and_index_from_psbt_bip32_derivation
                0x00000000c0d07184      0x118 build/nanos/obj/sign_psbt.o
 .text.output_keys_callback
                0x00000000c0d0729c       0x54 build/nanos/obj/sign_psbt.o
 .text.display_output
                0x00000000c0d072f0       0xb0 build/nanos/obj/sign_psbt.o
 .text.compute_segwit_hashes
                0x00000000c0d073a0      0x1bc build/nanos/obj/sign_psbt.o
 .text.fill_taproot_placeholder_info
                0x00000000c0d0755c       0xae build/nanos/obj/sign_psbt.o
 *fill*         0x00000000c0d0760a        0x2 00
 .text.sign_transaction_input
                0x00000000c0d0760c      0x260 build/nanos/obj/sign_psbt.o
 .text.call_get_merkleized_map
                0x00000000c0d0786c       0x1a build/nanos/obj/sign_psbt.o
 .text.crypto_hash_update
                0x00000000c0d07886       0x12 build/nanos/obj/sign_psbt.o
 .text.crypto_hash_digest
                0x00000000c0d07898       0x14 build/nanos/obj/sign_psbt.o
 .text.hash_outputs
                0x00000000c0d078ac       0x2e build/nanos/obj/sign_psbt.o
 .text.crypto_hash_update_varint
                0x00000000c0d078da       0x1a build/nanos/obj/sign_psbt.o
 .text.cx_hash  0x00000000c0d078f4       0x22 build/nanos/obj/sign_psbt.o
 .text.hash_output_n
                0x00000000c0d07916       0x82 build/nanos/obj/sign_psbt.o
 .text.crypto_hash_update_u8
                0x00000000c0d07998       0x10 build/nanos/obj/sign_psbt.o
 .text.compute_sighash_legacy
                0x00000000c0d079a8      0x1fe build/nanos/obj/sign_psbt.o
 *fill*         0x00000000c0d07ba6        0x2 00
 .text.sign_sighash_ecdsa_and_yield
                0x00000000c0d07ba8       0x9c build/nanos/obj/sign_psbt.o
 .text.compute_sighash_segwitv0
                0x00000000c0d07c44      0x2e4 build/nanos/obj/sign_psbt.o
 .text.compute_sighash_segwitv1
                0x00000000c0d07f28      0x240 build/nanos/obj/sign_psbt.o
 .text.sign_sighash_schnorr_and_yield
                0x00000000c0d08168      0x158 build/nanos/obj/sign_psbt.o
 .text.yield_signature
                0x00000000c0d082c0       0x9c build/nanos/obj/sign_psbt.o
 .text.crypto_hash_update_u32
                0x00000000c0d0835c       0x1c build/nanos/obj/sign_psbt.o
 .text.call_stream_merkle_leaf_element
                0x00000000c0d08378       0x2e build/nanos/obj/stream_merkle_leaf_element.o
                0x00000000c0d08378                call_stream_merkle_leaf_element
 .text.call_stream_merkleized_map_value
                0x00000000c0d083a6       0x4a build/nanos/obj/stream_merkleized_map_value.o
                0x00000000c0d083a6                call_stream_merkleized_map_value
 .text.call_stream_preimage
                0x00000000c0d083f0      0x1c4 build/nanos/obj/stream_preimage.o
                0x00000000c0d083f0                call_stream_preimage
 .text.crypto_hash_update
                0x00000000c0d085b4       0x12 build/nanos/obj/stream_preimage.o
 .text.cx_hash  0x00000000c0d085c6       0x22 build/nanos/obj/stream_preimage.o
 .text          0x00000000c0d085e8        0xe build/nanos/obj/svc_call.o
                0x00000000c0d085e8                SVC_Call
 .text          0x00000000c0d085f6        0x4 build/nanos/obj/svc_cx_call.o
                0x00000000c0d085f6                SVC_cx_call
 *fill*         0x00000000c0d085fa        0x2 00
 .text.get_api_level
                0x00000000c0d085fc       0x18 build/nanos/obj/syscalls.o
                0x00000000c0d085fc                get_api_level
 .text.halt     0x00000000c0d08614       0x14 build/nanos/obj/syscalls.o
                0x00000000c0d08614                halt
 .text.cx_ecdomain_parameters_length
                0x00000000c0d08628       0x18 build/nanos/obj/syscalls.o
                0x00000000c0d08628                cx_ecdomain_parameters_length
 .text.os_perso_isonboarded
                0x00000000c0d08640       0x18 build/nanos/obj/syscalls.o
                0x00000000c0d08640                os_perso_isonboarded
 .text.os_perso_derive_node_bip32
                0x00000000c0d08658       0x20 build/nanos/obj/syscalls.o
                0x00000000c0d08658                os_perso_derive_node_bip32
 .text.os_perso_derive_node_with_seed_key
                0x00000000c0d08678       0x2c build/nanos/obj/syscalls.o
                0x00000000c0d08678                os_perso_derive_node_with_seed_key
 .text.os_perso_seed_cookie
                0x00000000c0d086a4       0x18 build/nanos/obj/syscalls.o
                0x00000000c0d086a4                os_perso_seed_cookie
 .text.os_global_pin_is_validated
                0x00000000c0d086bc       0x18 build/nanos/obj/syscalls.o
                0x00000000c0d086bc                os_global_pin_is_validated
 .text.os_ux    0x00000000c0d086d4       0x18 build/nanos/obj/syscalls.o
                0x00000000c0d086d4                os_ux
 .text.os_lib_end
                0x00000000c0d086ec       0x14 build/nanos/obj/syscalls.o
                0x00000000c0d086ec                os_lib_end
 .text.os_flags
                0x00000000c0d08700       0x14 build/nanos/obj/syscalls.o
                0x00000000c0d08700                os_flags
 .text.os_registry_get_current_app_tag
                0x00000000c0d08714       0x18 build/nanos/obj/syscalls.o
                0x00000000c0d08714                os_registry_get_current_app_tag
 .text.os_sched_exit
                0x00000000c0d0872c       0x18 build/nanos/obj/syscalls.o
                0x00000000c0d0872c                os_sched_exit
 .text.io_seph_send
                0x00000000c0d08744       0x14 build/nanos/obj/syscalls.o
                0x00000000c0d08744                io_seph_send
 .text.io_seph_is_status_sent
                0x00000000c0d08758       0x14 build/nanos/obj/syscalls.o
                0x00000000c0d08758                io_seph_is_status_sent
 .text.io_seph_recv
                0x00000000c0d0876c       0x18 build/nanos/obj/syscalls.o
                0x00000000c0d0876c                io_seph_recv
 .text.try_context_get
                0x00000000c0d08784       0x14 build/nanos/obj/syscalls.o
                0x00000000c0d08784                try_context_get
 .text.try_context_set
                0x00000000c0d08798       0x18 build/nanos/obj/syscalls.o
                0x00000000c0d08798                try_context_set
 .text.os_sched_last_status
                0x00000000c0d087b0       0x1c build/nanos/obj/syscalls.o
                0x00000000c0d087b0                os_sched_last_status
 .text.update_hashes_with_map_value
                0x00000000c0d087cc       0x2c build/nanos/obj/update_hashes_with_map_value.o
                0x00000000c0d087cc                update_hashes_with_map_value
 .text.cb_process_len
                0x00000000c0d087f8       0x22 build/nanos/obj/update_hashes_with_map_value.o
 .text.cb_process_data
                0x00000000c0d0881a       0x2a build/nanos/obj/update_hashes_with_map_value.o
 .text.crypto_hash_update
                0x00000000c0d08844       0x22 build/nanos/obj/update_hashes_with_map_value.o
 *fill*         0x00000000c0d08866        0x2 00
 .text.USBD_LL_Init
                0x00000000c0d08868       0x14 build/nanos/obj/usbd_conf.o
                0x00000000c0d08868                USBD_LL_Init
 .text.USBD_LL_DeInit
                0x00000000c0d0887c       0x24 build/nanos/obj/usbd_conf.o
                0x00000000c0d0887c                USBD_LL_DeInit
 .text.USBD_LL_Start
                0x00000000c0d088a0       0x34 build/nanos/obj/usbd_conf.o
                0x00000000c0d088a0                USBD_LL_Start
 .text.USBD_LL_Stop
                0x00000000c0d088d4       0x1e build/nanos/obj/usbd_conf.o
                0x00000000c0d088d4                USBD_LL_Stop
 *fill*         0x00000000c0d088f2        0x2 00
 .text.USBD_LL_OpenEP
                0x00000000c0d088f4       0x58 build/nanos/obj/usbd_conf.o
                0x00000000c0d088f4                USBD_LL_OpenEP
 .text.USBD_LL_StallEP
                0x00000000c0d0894c       0x44 build/nanos/obj/usbd_conf.o
                0x00000000c0d0894c                USBD_LL_StallEP
 .text.USBD_LL_ClearStallEP
                0x00000000c0d08990       0x44 build/nanos/obj/usbd_conf.o
                0x00000000c0d08990                USBD_LL_ClearStallEP
 .text.USBD_LL_IsStallEP
                0x00000000c0d089d4       0x20 build/nanos/obj/usbd_conf.o
                0x00000000c0d089d4                USBD_LL_IsStallEP
 .text.USBD_LL_SetUSBAddress
                0x00000000c0d089f4       0x20 build/nanos/obj/usbd_conf.o
                0x00000000c0d089f4                USBD_LL_SetUSBAddress
 .text.USBD_LL_Transmit
                0x00000000c0d08a14       0x2e build/nanos/obj/usbd_conf.o
                0x00000000c0d08a14                USBD_LL_Transmit
 .text.USBD_LL_PrepareReceive
                0x00000000c0d08a42       0x22 build/nanos/obj/usbd_conf.o
                0x00000000c0d08a42                USBD_LL_PrepareReceive
 .text.USBD_Init
                0x00000000c0d08a64       0x30 build/nanos/obj/usbd_core.o
                0x00000000c0d08a64                USBD_Init
 .text.USBD_DeInit
                0x00000000c0d08a94       0x38 build/nanos/obj/usbd_core.o
                0x00000000c0d08a94                USBD_DeInit
 .text.USBD_RegisterClassForInterface
                0x00000000c0d08acc       0x1a build/nanos/obj/usbd_core.o
                0x00000000c0d08acc                USBD_RegisterClassForInterface
 .text.USBD_Start
                0x00000000c0d08ae6        0xa build/nanos/obj/usbd_core.o
                0x00000000c0d08ae6                USBD_Start
 .text.USBD_SetClassConfig
                0x00000000c0d08af0       0x36 build/nanos/obj/usbd_core.o
                0x00000000c0d08af0                USBD_SetClassConfig
 .text.USBD_ClrClassConfig
                0x00000000c0d08b26       0x36 build/nanos/obj/usbd_core.o
                0x00000000c0d08b26                USBD_ClrClassConfig
 .text.USBD_LL_SetupStage
                0x00000000c0d08b5c       0x5c build/nanos/obj/usbd_core.o
                0x00000000c0d08b5c                USBD_LL_SetupStage
 .text.USBD_LL_DataOutStage
                0x00000000c0d08bb8       0xac build/nanos/obj/usbd_core.o
                0x00000000c0d08bb8                USBD_LL_DataOutStage
 .text.USBD_LL_DataInStage
                0x00000000c0d08c64       0xe2 build/nanos/obj/usbd_core.o
                0x00000000c0d08c64                USBD_LL_DataInStage
 .text.USBD_LL_Reset
                0x00000000c0d08d46       0x40 build/nanos/obj/usbd_core.o
                0x00000000c0d08d46                USBD_LL_Reset
 .text.USBD_LL_SetSpeed
                0x00000000c0d08d86        0x6 build/nanos/obj/usbd_core.o
                0x00000000c0d08d86                USBD_LL_SetSpeed
 .text.USBD_LL_Suspend
                0x00000000c0d08d8c        0x4 build/nanos/obj/usbd_core.o
                0x00000000c0d08d8c                USBD_LL_Suspend
 .text.USBD_LL_Resume
                0x00000000c0d08d90        0x4 build/nanos/obj/usbd_core.o
                0x00000000c0d08d90                USBD_LL_Resume
 .text.USBD_LL_SOF
                0x00000000c0d08d94       0x3e build/nanos/obj/usbd_core.o
                0x00000000c0d08d94                USBD_LL_SOF
 .text.usbd_is_valid_intf
                0x00000000c0d08dd2       0x16 build/nanos/obj/usbd_ctlreq.o
                0x00000000c0d08dd2                usbd_is_valid_intf
 .text.USBD_StdDevReq
                0x00000000c0d08de8       0x52 build/nanos/obj/usbd_ctlreq.o
                0x00000000c0d08de8                USBD_StdDevReq
 .text.USBD_GetDescriptor
                0x00000000c0d08e3a       0xee build/nanos/obj/usbd_ctlreq.o
                0x00000000c0d08e3a                USBD_GetDescriptor
 .text.USBD_SetAddress
                0x00000000c0d08f28       0x46 build/nanos/obj/usbd_ctlreq.o
                0x00000000c0d08f28                USBD_SetAddress
 .text.USBD_SetConfig
                0x00000000c0d08f6e       0x6e build/nanos/obj/usbd_ctlreq.o
                0x00000000c0d08f6e                USBD_SetConfig
 .text.USBD_GetConfig
                0x00000000c0d08fdc       0x2e build/nanos/obj/usbd_ctlreq.o
                0x00000000c0d08fdc                USBD_GetConfig
 .text.USBD_GetStatus
                0x00000000c0d0900a       0x48 build/nanos/obj/usbd_ctlreq.o
                0x00000000c0d0900a                USBD_GetStatus
 .text.USBD_SetFeature
                0x00000000c0d09052       0x3a build/nanos/obj/usbd_ctlreq.o
                0x00000000c0d09052                USBD_SetFeature
 .text.USBD_ClrFeature
                0x00000000c0d0908c       0x52 build/nanos/obj/usbd_ctlreq.o
                0x00000000c0d0908c                USBD_ClrFeature
 .text.USBD_StdItfReq
                0x00000000c0d090de       0x48 build/nanos/obj/usbd_ctlreq.o
                0x00000000c0d090de                USBD_StdItfReq
 .text.USBD_StdEPReq
                0x00000000c0d09126      0x102 build/nanos/obj/usbd_ctlreq.o
                0x00000000c0d09126                USBD_StdEPReq
 .text.USBD_ParseSetupRequest
                0x00000000c0d09228       0x28 build/nanos/obj/usbd_ctlreq.o
                0x00000000c0d09228                USBD_ParseSetupRequest
 .text.USBD_CtlStall
                0x00000000c0d09250       0x14 build/nanos/obj/usbd_ctlreq.o
                0x00000000c0d09250                USBD_CtlStall
 .text.USBD_HID_Setup
                0x00000000c0d09264       0x90 build/nanos/obj/usbd_hid.o
                0x00000000c0d09264                USBD_HID_Setup
 .text.USBD_HID_Init
                0x00000000c0d092f4       0x2e build/nanos/obj/usbd_hid.o
                0x00000000c0d092f4                USBD_HID_Init
 .text.USBD_HID_DeInit
                0x00000000c0d09322        0x4 build/nanos/obj/usbd_hid.o
                0x00000000c0d09322                USBD_HID_DeInit
 *fill*         0x00000000c0d09326        0x2 00
 .text.USBD_HID_GetHidDescriptor_impl
                0x00000000c0d09328       0x28 build/nanos/obj/usbd_impl.o
                0x00000000c0d09328                USBD_HID_GetHidDescriptor_impl
 .text.USBD_HID_GetReportDescriptor_impl
                0x00000000c0d09350       0x28 build/nanos/obj/usbd_impl.o
                0x00000000c0d09350                USBD_HID_GetReportDescriptor_impl
 .text.USBD_HID_DataIn_impl
                0x00000000c0d09378       0x18 build/nanos/obj/usbd_impl.o
                0x00000000c0d09378                USBD_HID_DataIn_impl
 .text.USBD_HID_DataOut_impl
                0x00000000c0d09390       0x4c build/nanos/obj/usbd_impl.o
                0x00000000c0d09390                USBD_HID_DataOut_impl
 .text.USBD_WEBUSB_Init
                0x00000000c0d093dc       0x2c build/nanos/obj/usbd_impl.o
                0x00000000c0d093dc                USBD_WEBUSB_Init
 .text.USBD_WEBUSB_DeInit
                0x00000000c0d09408        0x4 build/nanos/obj/usbd_impl.o
                0x00000000c0d09408                USBD_WEBUSB_DeInit
 .text.USBD_WEBUSB_Setup
                0x00000000c0d0940c        0x4 build/nanos/obj/usbd_impl.o
                0x00000000c0d0940c                USBD_WEBUSB_Setup
 .text.USBD_WEBUSB_DataIn
                0x00000000c0d09410       0x18 build/nanos/obj/usbd_impl.o
                0x00000000c0d09410                USBD_WEBUSB_DataIn
 .text.USBD_WEBUSB_DataOut
                0x00000000c0d09428       0x4c build/nanos/obj/usbd_impl.o
                0x00000000c0d09428                USBD_WEBUSB_DataOut
 .text.USBD_DeviceDescriptor
                0x00000000c0d09474       0x10 build/nanos/obj/usbd_impl.o
 .text.USBD_LangIDStrDescriptor
                0x00000000c0d09484       0x10 build/nanos/obj/usbd_impl.o
 .text.USBD_ManufacturerStrDescriptor
                0x00000000c0d09494       0x10 build/nanos/obj/usbd_impl.o
 .text.USBD_ProductStrDescriptor
                0x00000000c0d094a4       0x10 build/nanos/obj/usbd_impl.o
 .text.USBD_SerialStrDescriptor
                0x00000000c0d094b4       0x10 build/nanos/obj/usbd_impl.o
 .text.USBD_ConfigStrDescriptor
                0x00000000c0d094c4       0x10 build/nanos/obj/usbd_impl.o
 .text.USBD_InterfaceStrDescriptor
                0x00000000c0d094d4       0x10 build/nanos/obj/usbd_impl.o
 .text.USBD_BOSDescriptor
                0x00000000c0d094e4       0x10 build/nanos/obj/usbd_impl.o
 .text.USBD_CtlError
                0x00000000c0d094f4       0x84 build/nanos/obj/usbd_impl.o
                0x00000000c0d094f4                USBD_CtlError
 .text.USB_power
                0x00000000c0d09578       0x70 build/nanos/obj/usbd_impl.o
                0x00000000c0d09578                USB_power
 .text.USBD_GetCfgDesc_impl
                0x00000000c0d095e8       0x10 build/nanos/obj/usbd_impl.o
 .text.USBD_GetDeviceQualifierDesc_impl
                0x00000000c0d095f8       0x10 build/nanos/obj/usbd_impl.o
 .text.USBD_CtlSendData
                0x00000000c0d09608       0x2c build/nanos/obj/usbd_ioreq.o
                0x00000000c0d09608                USBD_CtlSendData
 .text.USBD_CtlContinueSendData
                0x00000000c0d09634       0x1c build/nanos/obj/usbd_ioreq.o
                0x00000000c0d09634                USBD_CtlContinueSendData
 .text.USBD_CtlContinueRx
                0x00000000c0d09650        0xe build/nanos/obj/usbd_ioreq.o
                0x00000000c0d09650                USBD_CtlContinueRx
 .text.USBD_CtlSendStatus
                0x00000000c0d0965e       0x18 build/nanos/obj/usbd_ioreq.o
                0x00000000c0d0965e                USBD_CtlSendStatus
 .text.USBD_CtlReceiveStatus
                0x00000000c0d09676       0x16 build/nanos/obj/usbd_ioreq.o
                0x00000000c0d09676                USBD_CtlReceiveStatus
 .text.ux_flow_is_first
                0x00000000c0d0968c       0x50 build/nanos/obj/ux_flow_engine.o
                0x00000000c0d0968c                ux_flow_is_first
 .text.ux_flow_check_valid
                0x00000000c0d096dc       0x20 build/nanos/obj/ux_flow_engine.o
 .text.ux_flow_is_last
                0x00000000c0d096fc       0x48 build/nanos/obj/ux_flow_engine.o
                0x00000000c0d096fc                ux_flow_is_last
 .text.ux_flow_direction
                0x00000000c0d09744       0x2c build/nanos/obj/ux_flow_engine.o
                0x00000000c0d09744                ux_flow_direction
 .text.ux_flow_next_internal
                0x00000000c0d09770       0x60 build/nanos/obj/ux_flow_engine.o
 .text.ux_flow_next
                0x00000000c0d097d0        0xa build/nanos/obj/ux_flow_engine.o
                0x00000000c0d097d0                ux_flow_next
 *fill*         0x00000000c0d097da        0x2 00
 .text.ux_flow_prev
                0x00000000c0d097dc       0x60 build/nanos/obj/ux_flow_engine.o
                0x00000000c0d097dc                ux_flow_prev
 .text.ux_flow_engine_init_step
                0x00000000c0d0983c       0x74 build/nanos/obj/ux_flow_engine.o
 .text.ux_flow_validate
                0x00000000c0d098b0       0xac build/nanos/obj/ux_flow_engine.o
                0x00000000c0d098b0                ux_flow_validate
 .text.ux_flow_init
                0x00000000c0d0995c       0x6c build/nanos/obj/ux_flow_engine.o
                0x00000000c0d0995c                ux_flow_init
 .text.ux_flow_button_callback
                0x00000000c0d099c8       0x34 build/nanos/obj/ux_flow_engine.o
                0x00000000c0d099c8                ux_flow_button_callback
 .text.ux_stack_get_step_params
                0x00000000c0d099fc       0x34 build/nanos/obj/ux_flow_engine.o
                0x00000000c0d099fc                ux_stack_get_step_params
 .text.ux_stack_get_current_step_params
                0x00000000c0d09a30       0x14 build/nanos/obj/ux_flow_engine.o
                0x00000000c0d09a30                ux_stack_get_current_step_params
 .text.ux_layout_bb_init_common
                0x00000000c0d09a44       0x3c build/nanos/obj/ux_layout_bb.o
                0x00000000c0d09a44                ux_layout_bb_init_common
 .text.ux_layout_bn_prepro
                0x00000000c0d09a80       0x24 build/nanos/obj/ux_layout_bn.o
                0x00000000c0d09a80                ux_layout_bn_prepro
 .text.ux_layout_bn_init
                0x00000000c0d09aa4       0x28 build/nanos/obj/ux_layout_bn.o
                0x00000000c0d09aa4                ux_layout_bn_init
 .text.ux_layout_nn_prepro
                0x00000000c0d09acc       0x24 build/nanos/obj/ux_layout_nn.o
                0x00000000c0d09acc                ux_layout_nn_prepro
 .text.ux_layout_nn_init
                0x00000000c0d09af0       0x28 build/nanos/obj/ux_layout_nn.o
                0x00000000c0d09af0                ux_layout_nn_init
 .text.ux_layout_paging_redisplay_common
                0x00000000c0d09b18       0x38 build/nanos/obj/ux_layout_paging.o
                0x00000000c0d09b18                ux_layout_paging_redisplay_common
 .text.ux_layout_paging_redisplay_by_addr
                0x00000000c0d09b50       0x24 build/nanos/obj/ux_layout_paging.o
                0x00000000c0d09b50                ux_layout_paging_redisplay_by_addr
 .text.ux_layout_paging_button_callback_by_addr
                0x00000000c0d09b74       0x14 build/nanos/obj/ux_layout_paging.o
 .text.ux_layout_paging_prepro_by_addr
                0x00000000c0d09b88       0x12 build/nanos/obj/ux_layout_paging.o
 *fill*         0x00000000c0d09b9a        0x2 00
 .text.ux_layout_paging_init_common
                0x00000000c0d09b9c       0x78 build/nanos/obj/ux_layout_paging.o
                0x00000000c0d09b9c                ux_layout_paging_init_common
 .text.ux_layout_paging_init
                0x00000000c0d09c14       0x1c build/nanos/obj/ux_layout_paging.o
                0x00000000c0d09c14                ux_layout_paging_init
 .text.ux_layout_paging_prepro_common
                0x00000000c0d09c30      0x12c build/nanos/obj/ux_layout_paging.o
 .text.ux_layout_paging_button_callback_common
                0x00000000c0d09d5c       0x6c build/nanos/obj/ux_layout_paging.o
 .text.ux_layout_paging_compute
                0x00000000c0d09dc8      0x164 build/nanos/obj/ux_layout_paging_compute.o
                0x00000000c0d09dc8                ux_layout_paging_compute
 .text.is_word_delim
                0x00000000c0d09f2c       0x1e build/nanos/obj/ux_layout_paging_compute.o
 *fill*         0x00000000c0d09f4a        0x2 00
 .text.ux_layout_pb_prepro
                0x00000000c0d09f4c       0x50 build/nanos/obj/ux_layout_pb.o
                0x00000000c0d09f4c                ux_layout_pb_prepro
 .text.ux_layout_pb_init
                0x00000000c0d09f9c       0x4c build/nanos/obj/ux_layout_pb.o
                0x00000000c0d09f9c                ux_layout_pb_init
 .text.ux_layout_pbb_prepro
                0x00000000c0d09fe8       0x60 build/nanos/obj/ux_layout_pbb.o
                0x00000000c0d09fe8                ux_layout_pbb_prepro
 .text.ux_layout_pbb_init_common
                0x00000000c0d0a048       0x3c build/nanos/obj/ux_layout_pbb.o
                0x00000000c0d0a048                ux_layout_pbb_init_common
 .text.ux_layout_pbb_init
                0x00000000c0d0a084       0x28 build/nanos/obj/ux_layout_pbb.o
                0x00000000c0d0a084                ux_layout_pbb_init
 .text.ux_layout_pn_prepro
                0x00000000c0d0a0ac       0x50 build/nanos/obj/ux_layout_pn.o
                0x00000000c0d0a0ac                ux_layout_pn_prepro
 .text.ux_layout_pn_init
                0x00000000c0d0a0fc       0x4c build/nanos/obj/ux_layout_pn.o
                0x00000000c0d0a0fc                ux_layout_pn_init
 .text.ux_layout_pnn_prepro
                0x00000000c0d0a148       0x20 build/nanos/obj/ux_layout_pnn.o
                0x00000000c0d0a148                ux_layout_pnn_prepro
 .text.ux_layout_pnn_init
                0x00000000c0d0a168       0x28 build/nanos/obj/ux_layout_pnn.o
                0x00000000c0d0a168                ux_layout_pnn_init
 .text.ux_layout_strings_prepro
                0x00000000c0d0a190       0x54 build/nanos/obj/ux_layout_utils.o
                0x00000000c0d0a190                ux_layout_strings_prepro
 .text.ux_stack_push
                0x00000000c0d0a1e4       0x28 build/nanos/obj/ux_stack.o
                0x00000000c0d0a1e4                ux_stack_push
 .text.ux_stack_display
                0x00000000c0d0a20c       0x40 build/nanos/obj/ux_stack.o
                0x00000000c0d0a20c                ux_stack_display
 .text.ux_stack_init
                0x00000000c0d0a24c       0x20 build/nanos/obj/ux_stack.o
                0x00000000c0d0a24c                ux_stack_init
 .text.ux_stack_al_display_next_element
                0x00000000c0d0a26c       0x80 build/nanos/obj/ux_stack.o
                0x00000000c0d0a26c                ux_stack_al_display_next_element
 .text.varint_size
                0x00000000c0d0a2ec       0x2c build/nanos/obj/varint.o
                0x00000000c0d0a2ec                varint_size
 .text.varint_read
                0x00000000c0d0a318       0x58 build/nanos/obj/varint.o
                0x00000000c0d0a318                varint_read
 .text.varint_write
                0x00000000c0d0a370       0x52 build/nanos/obj/varint.o
                0x00000000c0d0a370                varint_write
 .text.read_wallet_policy_header
                0x00000000c0d0a3c2       0xba build/nanos/obj/wallet.o
                0x00000000c0d0a3c2                read_wallet_policy_header
 .text.parse_policy_map_key_info
                0x00000000c0d0a47c      0x1c8 build/nanos/obj/wallet.o
                0x00000000c0d0a47c                parse_policy_map_key_info
 .text.consume_character
                0x00000000c0d0a644       0x28 build/nanos/obj/wallet.o
 .text.parse_descriptor_template
                0x00000000c0d0a66c       0x28 build/nanos/obj/wallet.o
                0x00000000c0d0a66c                parse_descriptor_template
 .text.parse_script
                0x00000000c0d0a694      0xd72 build/nanos/obj/wallet.o
 *fill*         0x00000000c0d0b406        0x2 00
 .text.compute_miniscript_policy_ext_info
                0x00000000c0d0b408     0x119c build/nanos/obj/wallet.o
                0x00000000c0d0b408                compute_miniscript_policy_ext_info
 .text.sumcheck
                0x00000000c0d0c5a4       0x24 build/nanos/obj/wallet.o
 .text.get_policy_wallet_id
                0x00000000c0d0c5c8       0x7a build/nanos/obj/wallet.o
                0x00000000c0d0c5c8                get_policy_wallet_id
 .text.crypto_hash_update_u8
                0x00000000c0d0c642       0x10 build/nanos/obj/wallet.o
 .text.crypto_hash_update
                0x00000000c0d0c652       0x12 build/nanos/obj/wallet.o
 .text.crypto_hash_update_varint
                0x00000000c0d0c664       0x1a build/nanos/obj/wallet.o
 .text.parse_unsigned_decimal
                0x00000000c0d0c67e       0x52 build/nanos/obj/wallet.o
 .text.buffer_read_hex_hash
                0x00000000c0d0c6d0       0x92 build/nanos/obj/wallet.o
 .text.parse_child_scripts
                0x00000000c0d0c762       0x7a build/nanos/obj/wallet.o
 .text.parse_placeholder
                0x00000000c0d0c7dc       0xfc build/nanos/obj/wallet.o
 .text.parse_tree
                0x00000000c0d0c8d8       0xfa build/nanos/obj/wallet.o
 .text.consume_characters
                0x00000000c0d0c9d2       0x40 build/nanos/obj/wallet.o
 .text.cx_hash  0x00000000c0d0ca12       0x22 build/nanos/obj/wallet.o
 .text.write_u16_be
                0x00000000c0d0ca34        0xa build/nanos/obj/write.o
                0x00000000c0d0ca34                write_u16_be
 .text.write_u32_be
                0x00000000c0d0ca3e       0x12 build/nanos/obj/write.o
                0x00000000c0d0ca3e                write_u32_be
 .text.write_u16_le
                0x00000000c0d0ca50        0xa build/nanos/obj/write.o
                0x00000000c0d0ca50                write_u16_le
 .text.write_u32_le
                0x00000000c0d0ca5a       0x12 build/nanos/obj/write.o
                0x00000000c0d0ca5a                write_u32_le
 .text.write_u64_le
                0x00000000c0d0ca6c       0x20 build/nanos/obj/write.o
                0x00000000c0d0ca6c                write_u64_le
 .text          0x00000000c0d0ca8c       0x8c /usr/lib/gcc/arm-none-eabi/10.3.0/thumb/v6-m/nofp/libgcc.a(_udivsi3.o)
                0x00000000c0d0ca8c                __udivsi3
                0x00000000c0d0ca8c                __aeabi_uidiv
                0x00000000c0d0cb04                __aeabi_uidivmod
 .text          0x00000000c0d0cb18        0x4 /usr/lib/gcc/arm-none-eabi/10.3.0/thumb/v6-m/nofp/libgcc.a(_dvmd_tls.o)
                0x00000000c0d0cb18                __aeabi_ldiv0
                0x00000000c0d0cb18                __aeabi_idiv0
 .text.__muldi3
                0x00000000c0d0cb1c       0x48 /usr/lib/gcc/arm-none-eabi/10.3.0/thumb/v6-m/nofp/libgcc.a(_muldi3.o)
                0x00000000c0d0cb1c                __aeabi_lmul
                0x00000000c0d0cb1c                __muldi3
 .text          0x00000000c0d0cb64        0xc /usr/lib/gcc/arm-none-eabi/10.3.0/../../../../arm-none-eabi/lib/thumb/v6-m/nofp/libc_nano.a(lib_a-aeabi_memclr.o)
                0x00000000c0d0cb64                __aeabi_memclr8
                0x00000000c0d0cb64                __aeabi_memclr
                0x00000000c0d0cb64                __aeabi_memclr4
 .text          0x00000000c0d0cb70        0x8 /usr/lib/gcc/arm-none-eabi/10.3.0/../../../../arm-none-eabi/lib/thumb/v6-m/nofp/libc_nano.a(lib_a-aeabi_memcpy.o)
                0x00000000c0d0cb70                __aeabi_memcpy
                0x00000000c0d0cb70                __aeabi_memcpy4
                0x00000000c0d0cb70                __aeabi_memcpy8
 .text          0x00000000c0d0cb78        0x8 /usr/lib/gcc/arm-none-eabi/10.3.0/../../../../arm-none-eabi/lib/thumb/v6-m/nofp/libc_nano.a(lib_a-aeabi_memmove.o)
                0x00000000c0d0cb78                __aeabi_memmove8
                0x00000000c0d0cb78                __aeabi_memmove
                0x00000000c0d0cb78                __aeabi_memmove4
 .text          0x00000000c0d0cb80       0x10 /usr/lib/gcc/arm-none-eabi/10.3.0/../../../../arm-none-eabi/lib/thumb/v6-m/nofp/libc_nano.a(lib_a-aeabi_memset.o)
                0x00000000c0d0cb80                __aeabi_memset
                0x00000000c0d0cb80                __aeabi_memset8
                0x00000000c0d0cb80                __aeabi_memset4
 .text          0x00000000c0d0cb90        0x8 /usr/lib/gcc/arm-none-eabi/10.3.0/../../../../arm-none-eabi/lib/thumb/v6-m/nofp/libc_nano.a(lib_a-explicit_bzero.o)
                0x00000000c0d0cb90                explicit_bzero
 .text          0x00000000c0d0cb98       0x48 /usr/lib/gcc/arm-none-eabi/10.3.0/../../../../arm-none-eabi/lib/thumb/v6-m/nofp/libc_nano.a(lib_a-memcmp.o)
                0x00000000c0d0cb98                memcmp
 .text          0x00000000c0d0cbe0       0xa4 /usr/lib/gcc/arm-none-eabi/10.3.0/../../../../arm-none-eabi/lib/thumb/v6-m/nofp/libc_nano.a(lib_a-memcpy-stub.o)
                0x00000000c0d0cbe0                memcpy
 .text          0x00000000c0d0cc84       0xac /usr/lib/gcc/arm-none-eabi/10.3.0/../../../../arm-none-eabi/lib/thumb/v6-m/nofp/libc_nano.a(lib_a-memmove.o)
                0x00000000c0d0cc84                memmove
 .text          0x00000000c0d0cd30       0xa8 /usr/lib/gcc/arm-none-eabi/10.3.0/../../../../arm-none-eabi/lib/thumb/v6-m/nofp/libc_nano.a(lib_a-memset.o)
                0x00000000c0d0cd30                memset
 .text          0x00000000c0d0cdd8       0x34 /usr/lib/gcc/arm-none-eabi/10.3.0/../../../../arm-none-eabi/lib/thumb/v6-m/nofp/libc_nano.a(lib_a-setjmp.o)
                0x00000000c0d0cdd8                setjmp
                0x00000000c0d0cdf0                longjmp
 .text          0x00000000c0d0ce0c       0x10 /usr/lib/gcc/arm-none-eabi/10.3.0/../../../../arm-none-eabi/lib/thumb/v6-m/nofp/libc_nano.a(lib_a-strcpy.o)
                0x00000000c0d0ce0c                strcpy
 .text          0x00000000c0d0ce1c       0x5c /usr/lib/gcc/arm-none-eabi/10.3.0/../../../../arm-none-eabi/lib/thumb/v6-m/nofp/libc_nano.a(lib_a-strlen-stub.o)
                0x00000000c0d0ce1c                strlen
 .text          0x00000000c0d0ce78       0x74 /usr/lib/gcc/arm-none-eabi/10.3.0/../../../../arm-none-eabi/lib/thumb/v6-m/nofp/libc_nano.a(lib_a-strncmp.o)
                0x00000000c0d0ce78                strncmp
 .text          0x00000000c0d0ceec       0x6c /usr/lib/gcc/arm-none-eabi/10.3.0/../../../../arm-none-eabi/lib/thumb/v6-m/nofp/libc_nano.a(lib_a-strncpy.o)
                0x00000000c0d0ceec                strncpy
 .text          0x00000000c0d0cf58        0xc /usr/lib/gcc/arm-none-eabi/10.3.0/../../../../arm-none-eabi/lib/thumb/v6-m/nofp/libc_nano.a(lib_a-bzero.o)
                0x00000000c0d0cf58                bzero
 *(.rodata)
 *(.rodata.[^N]*)
 .rodata.BASE58_TABLE_TRIMMED
                0x00000000c0d0cf64       0x4a build/nanos/obj/base58.o
                0x00000000c0d0cf64                BASE58_TABLE_TRIMMED
 .rodata.BASE58_ALPHABET
                0x00000000c0d0cfae       0x3a build/nanos/obj/base58.o
                0x00000000c0d0cfae                BASE58_ALPHABET
 .rodata.str1.1
                0x00000000c0d0cfe8        0x4 build/nanos/obj/bip32.o
                                          0x7 (size before relaxing)
 .rodata.secp256k1_n
                0x00000000c0d0cfec       0x20 build/nanos/obj/crypto.o
 .rodata.secp256k1_p
                0x00000000c0d0d00c       0x20 build/nanos/obj/crypto.o
 .rodata.secp256k1_sqr_exponent
                0x00000000c0d0d02c       0x20 build/nanos/obj/crypto.o
 .rodata.BIP0341_tapleaf_tag
                0x00000000c0d0d04c        0x7 build/nanos/obj/crypto.o
 .rodata.BIP0341_tapbranch_tag
                0x00000000c0d0d053        0x9 build/nanos/obj/crypto.o
 .rodata.BIP0341_taptweak_tag
                0x00000000c0d0d05c        0x8 build/nanos/obj/crypto.o
 .rodata.secp256k1_generator
                0x00000000c0d0d064       0x41 build/nanos/obj/crypto.o
 .rodata.str1.1
                0x00000000c0d0d0a5      0x1d1 build/nanos/obj/display.o
 *fill*         0x00000000c0d0d276        0x2 00
 .rodata.ux_display_confirm_pubkey_step_val
                0x00000000c0d0d278        0x8 build/nanos/obj/display.o
                0x00000000c0d0d278                ux_display_confirm_pubkey_step_val
 .rodata.ux_display_confirm_pubkey_step
                0x00000000c0d0d280       0x10 build/nanos/obj/display.o
                0x00000000c0d0d280                ux_display_confirm_pubkey_step
 .rodata.ux_display_unusual_derivation_path_step_val
                0x00000000c0d0d290        0xc build/nanos/obj/display.o
                0x00000000c0d0d290                ux_display_unusual_derivation_path_step_val
 .rodata.ux_display_unusual_derivation_path_step
                0x00000000c0d0d29c       0x10 build/nanos/obj/display.o
                0x00000000c0d0d29c                ux_display_unusual_derivation_path_step
 .rodata.ux_display_reject_if_not_sure_step_validate_step
                0x00000000c0d0d2ac       0x10 build/nanos/obj/display.o
                0x00000000c0d0d2ac                ux_display_reject_if_not_sure_step_validate_step
 .rodata.ux_display_reject_if_not_sure_step_validate
                0x00000000c0d0d2bc        0x8 build/nanos/obj/display.o
                0x00000000c0d0d2bc                ux_display_reject_if_not_sure_step_validate
 .rodata.ux_display_reject_if_not_sure_step_val
                0x00000000c0d0d2c4        0xc build/nanos/obj/display.o
                0x00000000c0d0d2c4                ux_display_reject_if_not_sure_step_val
 .rodata.ux_display_reject_if_not_sure_step
                0x00000000c0d0d2d0       0x10 build/nanos/obj/display.o
                0x00000000c0d0d2d0                ux_display_reject_if_not_sure_step
 .rodata.ux_display_approve_step_validate_step
                0x00000000c0d0d2e0       0x10 build/nanos/obj/display.o
                0x00000000c0d0d2e0                ux_display_approve_step_validate_step
 .rodata.ux_display_approve_step_validate
                0x00000000c0d0d2f0        0x8 build/nanos/obj/display.o
                0x00000000c0d0d2f0                ux_display_approve_step_validate
 .rodata.ux_display_approve_step_val
                0x00000000c0d0d2f8        0x8 build/nanos/obj/display.o
                0x00000000c0d0d2f8                ux_display_approve_step_val
 .rodata.ux_display_approve_step
                0x00000000c0d0d300       0x10 build/nanos/obj/display.o
                0x00000000c0d0d300                ux_display_approve_step
 .rodata.ux_display_continue_step_validate_step
                0x00000000c0d0d310       0x10 build/nanos/obj/display.o
                0x00000000c0d0d310                ux_display_continue_step_validate_step
 .rodata.ux_display_continue_step_validate
                0x00000000c0d0d320        0x8 build/nanos/obj/display.o
                0x00000000c0d0d320                ux_display_continue_step_validate
 .rodata.ux_display_continue_step_val
                0x00000000c0d0d328        0x8 build/nanos/obj/display.o
                0x00000000c0d0d328                ux_display_continue_step_val
 .rodata.ux_display_continue_step
                0x00000000c0d0d330       0x10 build/nanos/obj/display.o
                0x00000000c0d0d330                ux_display_continue_step
 .rodata.ux_display_reject_step_validate_step
                0x00000000c0d0d340       0x10 build/nanos/obj/display.o
                0x00000000c0d0d340                ux_display_reject_step_validate_step
 .rodata.ux_display_reject_step_validate
                0x00000000c0d0d350        0x8 build/nanos/obj/display.o
                0x00000000c0d0d350                ux_display_reject_step_validate
 .rodata.ux_display_reject_step_val
                0x00000000c0d0d358        0x8 build/nanos/obj/display.o
                0x00000000c0d0d358                ux_display_reject_step_val
 .rodata.ux_display_reject_step
                0x00000000c0d0d360       0x10 build/nanos/obj/display.o
                0x00000000c0d0d360                ux_display_reject_step
 .rodata.ux_display_path_step_val
                0x00000000c0d0d370        0x8 build/nanos/obj/display.o
                0x00000000c0d0d370                ux_display_path_step_val
 .rodata.ux_display_path_step
                0x00000000c0d0d378       0x10 build/nanos/obj/display.o
                0x00000000c0d0d378                ux_display_path_step
 .rodata.ux_display_pubkey_step_val
                0x00000000c0d0d388        0x8 build/nanos/obj/display.o
                0x00000000c0d0d388                ux_display_pubkey_step_val
 .rodata.ux_display_pubkey_step
                0x00000000c0d0d390       0x10 build/nanos/obj/display.o
                0x00000000c0d0d390                ux_display_pubkey_step
 .rodata.ux_display_wallet_policy_map_step_val
                0x00000000c0d0d3a0        0x8 build/nanos/obj/display.o
                0x00000000c0d0d3a0                ux_display_wallet_policy_map_step_val
 .rodata.ux_display_wallet_policy_map_step
                0x00000000c0d0d3a8       0x10 build/nanos/obj/display.o
                0x00000000c0d0d3a8                ux_display_wallet_policy_map_step
 .rodata.ux_display_wallet_policy_cosigner_pubkey_step_val
                0x00000000c0d0d3b8        0x8 build/nanos/obj/display.o
                0x00000000c0d0d3b8                ux_display_wallet_policy_cosigner_pubkey_step_val
 .rodata.ux_display_wallet_policy_cosigner_pubkey_step
                0x00000000c0d0d3c0       0x10 build/nanos/obj/display.o
                0x00000000c0d0d3c0                ux_display_wallet_policy_cosigner_pubkey_step
 .rodata.ux_display_wallet_address_step_val
                0x00000000c0d0d3d0        0x8 build/nanos/obj/display.o
                0x00000000c0d0d3d0                ux_display_wallet_address_step_val
 .rodata.ux_display_wallet_address_step
                0x00000000c0d0d3d8       0x10 build/nanos/obj/display.o
                0x00000000c0d0d3d8                ux_display_wallet_address_step
 .rodata.ux_display_warning_external_inputs_step_val
                0x00000000c0d0d3e8        0xc build/nanos/obj/display.o
                0x00000000c0d0d3e8                ux_display_warning_external_inputs_step_val
 .rodata.ux_display_warning_external_inputs_step
                0x00000000c0d0d3f4       0x10 build/nanos/obj/display.o
                0x00000000c0d0d3f4                ux_display_warning_external_inputs_step
 .rodata.ux_unverified_segwit_input_flow_1_step_val
                0x00000000c0d0d404        0x8 build/nanos/obj/display.o
                0x00000000c0d0d404                ux_unverified_segwit_input_flow_1_step_val
 .rodata.ux_unverified_segwit_input_flow_1_step
                0x00000000c0d0d40c       0x10 build/nanos/obj/display.o
                0x00000000c0d0d40c                ux_unverified_segwit_input_flow_1_step
 .rodata.ux_unverified_segwit_input_flow_2_step_val
                0x00000000c0d0d41c        0x8 build/nanos/obj/display.o
                0x00000000c0d0d41c                ux_unverified_segwit_input_flow_2_step_val
 .rodata.ux_unverified_segwit_input_flow_2_step
                0x00000000c0d0d424       0x10 build/nanos/obj/display.o
                0x00000000c0d0d424                ux_unverified_segwit_input_flow_2_step
 .rodata.ux_unverified_segwit_input_flow_3_step_val
                0x00000000c0d0d434        0x8 build/nanos/obj/display.o
                0x00000000c0d0d434                ux_unverified_segwit_input_flow_3_step_val
 .rodata.ux_unverified_segwit_input_flow_3_step
                0x00000000c0d0d43c       0x10 build/nanos/obj/display.o
                0x00000000c0d0d43c                ux_unverified_segwit_input_flow_3_step
 .rodata.ux_nondefault_sighash_flow_1_step_val
                0x00000000c0d0d44c        0x8 build/nanos/obj/display.o
                0x00000000c0d0d44c                ux_nondefault_sighash_flow_1_step_val
 .rodata.ux_nondefault_sighash_flow_1_step
                0x00000000c0d0d454       0x10 build/nanos/obj/display.o
                0x00000000c0d0d454                ux_nondefault_sighash_flow_1_step
 .rodata.ux_review_step_val
                0x00000000c0d0d464        0xc build/nanos/obj/display.o
                0x00000000c0d0d464                ux_review_step_val
 .rodata.ux_review_step
                0x00000000c0d0d470       0x10 build/nanos/obj/display.o
                0x00000000c0d0d470                ux_review_step
 .rodata.ux_validate_amount_step_val
                0x00000000c0d0d480        0x8 build/nanos/obj/display.o
                0x00000000c0d0d480                ux_validate_amount_step_val
 .rodata.ux_validate_amount_step
                0x00000000c0d0d488       0x10 build/nanos/obj/display.o
                0x00000000c0d0d488                ux_validate_amount_step
 .rodata.ux_validate_address_step_val
                0x00000000c0d0d498        0x8 build/nanos/obj/display.o
                0x00000000c0d0d498                ux_validate_address_step_val
 .rodata.ux_validate_address_step
                0x00000000c0d0d4a0       0x10 build/nanos/obj/display.o
                0x00000000c0d0d4a0                ux_validate_address_step
 .rodata.ux_confirm_transaction_step_val
                0x00000000c0d0d4b0        0xc build/nanos/obj/display.o
                0x00000000c0d0d4b0                ux_confirm_transaction_step_val
 .rodata.ux_confirm_transaction_step
                0x00000000c0d0d4bc       0x10 build/nanos/obj/display.o
                0x00000000c0d0d4bc                ux_confirm_transaction_step
 .rodata.ux_confirm_transaction_fees_step_val
                0x00000000c0d0d4cc        0x8 build/nanos/obj/display.o
                0x00000000c0d0d4cc                ux_confirm_transaction_fees_step_val
 .rodata.ux_confirm_transaction_fees_step
                0x00000000c0d0d4d4       0x10 build/nanos/obj/display.o
                0x00000000c0d0d4d4                ux_confirm_transaction_fees_step
 .rodata.ux_accept_and_send_step_validate_step
                0x00000000c0d0d4e4       0x10 build/nanos/obj/display.o
                0x00000000c0d0d4e4                ux_accept_and_send_step_validate_step
 .rodata.ux_accept_and_send_step_validate
                0x00000000c0d0d4f4        0x8 build/nanos/obj/display.o
                0x00000000c0d0d4f4                ux_accept_and_send_step_validate
 .rodata.ux_accept_and_send_step_val
                0x00000000c0d0d4fc        0xc build/nanos/obj/display.o
                0x00000000c0d0d4fc                ux_accept_and_send_step_val
 .rodata.ux_accept_and_send_step
                0x00000000c0d0d508       0x10 build/nanos/obj/display.o
                0x00000000c0d0d508                ux_accept_and_send_step
 .rodata.ux_display_register_wallet_step_val
                0x00000000c0d0d518        0x8 build/nanos/obj/display.o
                0x00000000c0d0d518                ux_display_register_wallet_step_val
 .rodata.ux_display_register_wallet_step
                0x00000000c0d0d520       0x10 build/nanos/obj/display.o
                0x00000000c0d0d520                ux_display_register_wallet_step
 .rodata.ux_display_receive_in_registered_wallet_step_val
                0x00000000c0d0d530        0xc build/nanos/obj/display.o
                0x00000000c0d0d530                ux_display_receive_in_registered_wallet_step_val
 .rodata.ux_display_receive_in_registered_wallet_step
                0x00000000c0d0d53c       0x10 build/nanos/obj/display.o
                0x00000000c0d0d53c                ux_display_receive_in_registered_wallet_step
 .rodata.ux_display_spend_from_registered_wallet_step_val
                0x00000000c0d0d54c        0xc build/nanos/obj/display.o
                0x00000000c0d0d54c                ux_display_spend_from_registered_wallet_step_val
 .rodata.ux_display_spend_from_registered_wallet_step
                0x00000000c0d0d558       0x10 build/nanos/obj/display.o